Archive member included to satisfy reference by file (symbol)

C:/ProgramData/MATLAB/SupportPackages/R2024b/3P.instrset/gnuarm-armcortex.instrset/win/bin/../lib/gcc/arm-none-eabi/13.2.1/thumb/v7e-m+fp/hard\libm.a(libm_a-w_fmod.o)
                              mcb_open_loop_control_nucleo_f401re.o (fmod)
C:/ProgramData/MATLAB/SupportPackages/R2024b/3P.instrset/gnuarm-armcortex.instrset/win/bin/../lib/gcc/arm-none-eabi/13.2.1/thumb/v7e-m+fp/hard\libm.a(libm_a-s_ceil.o)
                              mcb_open_loop_control_nucleo_f401re.o (ceil)
C:/ProgramData/MATLAB/SupportPackages/R2024b/3P.instrset/gnuarm-armcortex.instrset/win/bin/../lib/gcc/arm-none-eabi/13.2.1/thumb/v7e-m+fp/hard\libm.a(libm_a-s_floor.o)
                              mcb_open_loop_control_nucleo_f401re.o (floor)
C:/ProgramData/MATLAB/SupportPackages/R2024b/3P.instrset/gnuarm-armcortex.instrset/win/bin/../lib/gcc/arm-none-eabi/13.2.1/thumb/v7e-m+fp/hard\libm.a(libm_a-sf_floor.o)
                              mcb_open_loop_control_nucleo_f401re.o (floorf)
C:/ProgramData/MATLAB/SupportPackages/R2024b/3P.instrset/gnuarm-armcortex.instrset/win/bin/../lib/gcc/arm-none-eabi/13.2.1/thumb/v7e-m+fp/hard\libm.a(libm_a-e_fmod.o)
                              C:/ProgramData/MATLAB/SupportPackages/R2024b/3P.instrset/gnuarm-armcortex.instrset/win/bin/../lib/gcc/arm-none-eabi/13.2.1/thumb/v7e-m+fp/hard\libm.a(libm_a-w_fmod.o) (__ieee754_fmod)
C:/ProgramData/MATLAB/SupportPackages/R2024b/3P.instrset/gnuarm-armcortex.instrset/win/bin/../lib/gcc/arm-none-eabi/13.2.1/thumb/v7e-m+fp/hard\libgcc.a(_arm_muldf3.o)
                              mcb_open_loop_control_nucleo_f401re.o (__aeabi_dmul)
C:/ProgramData/MATLAB/SupportPackages/R2024b/3P.instrset/gnuarm-armcortex.instrset/win/bin/../lib/gcc/arm-none-eabi/13.2.1/thumb/v7e-m+fp/hard\libgcc.a(_arm_addsubdf3.o)
                              mcb_open_loop_control_nucleo_f401re.o (__aeabi_dsub)
C:/ProgramData/MATLAB/SupportPackages/R2024b/3P.instrset/gnuarm-armcortex.instrset/win/bin/../lib/gcc/arm-none-eabi/13.2.1/thumb/v7e-m+fp/hard\libgcc.a(_arm_muldivdf3.o)
                              mcb_open_loop_control_nucleo_f401re.o (__aeabi_ddiv)
C:/ProgramData/MATLAB/SupportPackages/R2024b/3P.instrset/gnuarm-armcortex.instrset/win/bin/../lib/gcc/arm-none-eabi/13.2.1/thumb/v7e-m+fp/hard\libgcc.a(_arm_cmpdf2.o)
                              mcb_open_loop_control_nucleo_f401re.o (__aeabi_dcmpeq)
C:/ProgramData/MATLAB/SupportPackages/R2024b/3P.instrset/gnuarm-armcortex.instrset/win/bin/../lib/gcc/arm-none-eabi/13.2.1/thumb/v7e-m+fp/hard\libgcc.a(_arm_unorddf2.o)
                              rt_nonfinite.o (__aeabi_dcmpun)
C:/ProgramData/MATLAB/SupportPackages/R2024b/3P.instrset/gnuarm-armcortex.instrset/win/bin/../lib/gcc/arm-none-eabi/13.2.1/thumb/v7e-m+fp/hard\libgcc.a(_arm_fixdfsi.o)
                              mcb_open_loop_control_nucleo_f401re.o (__aeabi_d2iz)
C:/ProgramData/MATLAB/SupportPackages/R2024b/3P.instrset/gnuarm-armcortex.instrset/win/bin/../lib/gcc/arm-none-eabi/13.2.1/thumb/v7e-m+fp/hard\libgcc.a(_arm_fixunsdfsi.o)
                              mcb_open_loop_control_nucleo_f401re.o (__aeabi_d2uiz)
C:/ProgramData/MATLAB/SupportPackages/R2024b/3P.instrset/gnuarm-armcortex.instrset/win/bin/../lib/gcc/arm-none-eabi/13.2.1/thumb/v7e-m+fp/hard\libgcc.a(_aeabi_ldivmod.o)
                              stm32f4xx_hal_rcc.o (__aeabi_ldivmod)
C:/ProgramData/MATLAB/SupportPackages/R2024b/3P.instrset/gnuarm-armcortex.instrset/win/bin/../lib/gcc/arm-none-eabi/13.2.1/thumb/v7e-m+fp/hard\libgcc.a(_aeabi_uldivmod.o)
                              stm32f4xx_hal_rcc.o (__aeabi_uldivmod)
C:/ProgramData/MATLAB/SupportPackages/R2024b/3P.instrset/gnuarm-armcortex.instrset/win/bin/../lib/gcc/arm-none-eabi/13.2.1/thumb/v7e-m+fp/hard\libgcc.a(_udivmoddi4.o)
                              C:/ProgramData/MATLAB/SupportPackages/R2024b/3P.instrset/gnuarm-armcortex.instrset/win/bin/../lib/gcc/arm-none-eabi/13.2.1/thumb/v7e-m+fp/hard\libgcc.a(_aeabi_ldivmod.o) (__udivmoddi4)
C:/ProgramData/MATLAB/SupportPackages/R2024b/3P.instrset/gnuarm-armcortex.instrset/win/bin/../lib/gcc/arm-none-eabi/13.2.1/thumb/v7e-m+fp/hard\libgcc.a(_dvmd_tls.o)
                              C:/ProgramData/MATLAB/SupportPackages/R2024b/3P.instrset/gnuarm-armcortex.instrset/win/bin/../lib/gcc/arm-none-eabi/13.2.1/thumb/v7e-m+fp/hard\libgcc.a(_aeabi_ldivmod.o) (__aeabi_ldiv0)
C:/ProgramData/MATLAB/SupportPackages/R2024b/3P.instrset/gnuarm-armcortex.instrset/win/bin/../lib/gcc/arm-none-eabi/13.2.1/thumb/v7e-m+fp/hard\libc_nano.a(libc_a-exit.o)
                              C:/ProgramData/MATLAB/SupportPackages/R2024b/3P.instrset/gnuarm-armcortex.instrset/win/bin/../lib/gcc/arm-none-eabi/13.2.1/thumb/v7e-m+fp/hard/crt0.o (exit)
C:/ProgramData/MATLAB/SupportPackages/R2024b/3P.instrset/gnuarm-armcortex.instrset/win/bin/../lib/gcc/arm-none-eabi/13.2.1/thumb/v7e-m+fp/hard\libc_nano.a(libc_a-findfp.o)
[...]
Memory Configuration

Name             Origin             Length             Attributes
RAM              0x20000000         0x00020000         xrw
FLASH            0x08000000         0x00080000         xr
*default*        0x00000000         0xffffffff

Linker script and memory map

LOAD C:/ProgramData/MATLAB/SupportPackages/R2024b/3P.instrset/gnuarm-armcortex.instrset/win/bin/../lib/gcc/arm-none-eabi/13.2.1/thumb/v7e-m+fp/hard/crti.o
LOAD C:/ProgramData/MATLAB/SupportPackages/R2024b/3P.instrset/gnuarm-armcortex.instrset/win/bin/../lib/gcc/arm-none-eabi/13.2.1/thumb/v7e-m+fp/hard/crtbegin.o
LOAD C:/ProgramData/MATLAB/SupportPackages/R2024b/3P.instrset/gnuarm-armcortex.instrset/win/bin/../lib/gcc/arm-none-eabi/13.2.1/thumb/v7e-m+fp/hard/crt0.o
LOAD stm_can_hal.o
LOAD stm_adc_ll.o
LOAD stm_timer_ll.o
LOAD mw_stm32_nvic.o
LOAD can_datatype_ground.o
LOAD ert_main.o
LOAD mcb_open_loop_control_nucleo_f401re.o
LOAD mcb_open_loop_control_nucleo_f401re_data.o
LOAD rtGetNaN.o
LOAD rt_nonfinite.o
LOAD overrideHALDelay.o
LOAD platform_timer.o
LOAD SysTickScheduler.o
LOAD m3m4m4f_multitasking.o
LOAD main.o
LOAD stm32f4xx_it.o
LOAD stm32f4xx_hal_msp.o
LOAD stm32f4xx_hal_timebase_tim.o
LOAD stm32f4xx_ll_gpio.o
LOAD stm32f4xx_ll_adc.o
LOAD stm32f4xx_ll_dma.o
LOAD stm32f4xx_ll_rcc.o
LOAD stm32f4xx_ll_utils.o
LOAD stm32f4xx_ll_exti.o
LOAD stm32f4xx_hal_rcc.o
LOAD stm32f4xx_hal_rcc_ex.o
LOAD stm32f4xx_hal_flash.o
LOAD stm32f4xx_hal_flash_ex.o
LOAD stm32f4xx_hal_flash_ramfunc.o
LOAD stm32f4xx_hal_gpio.o
LOAD stm32f4xx_hal_dma_ex.o
LOAD stm32f4xx_hal_dma.o
LOAD stm32f4xx_hal_pwr.o
LOAD stm32f4xx_hal_pwr_ex.o
LOAD stm32f4xx_hal_cortex.o
LOAD stm32f4xx_hal.o
LOAD stm32f4xx_hal_exti.o
LOAD stm32f4xx_hal_can.o
LOAD stm32f4xx_hal_tim.o
LOAD stm32f4xx_hal_tim_ex.o
LOAD stm32f4xx_ll_tim.o
LOAD stm32f4xx_ll_usart.o
LOAD system_stm32f4xx.o
LOAD syscalls.o
LOAD sysmem.o
LOAD startup_stm32f446retx.o
LOAD C:/ProgramData/MATLAB/SupportPackages/R2024b/3P.instrset/cmsis_dsp.instrset/Lib/GCC/arm_cortexm4ldfsp_math/libCMSISDSP.a
LOAD C:/ProgramData/MATLAB/SupportPackages/R2024b/toolbox/shared/supportpackages/stm32/lib/GCC/libmw_pdmfilter_m4_spfp.lib
LOAD C:/ProgramData/MATLAB/SupportPackages/R2024b/3P.instrset/gnuarm-armcortex.instrset/win/bin/../lib/gcc/arm-none-eabi/13.2.1/thumb/v7e-m+fp/hard\libstdc++_nano.a
LOAD C:/ProgramData/MATLAB/SupportPackages/R2024b/3P.instrset/gnuarm-armcortex.instrset/win/bin/../lib/gcc/arm-none-eabi/13.2.1/thumb/v7e-m+fp/hard\libm.a
START GROUP
LOAD C:/ProgramData/MATLAB/SupportPackages/R2024b/3P.instrset/gnuarm-armcortex.instrset/win/bin/../lib/gcc/arm-none-eabi/13.2.1/thumb/v7e-m+fp/hard\libgcc.a
LOAD C:/ProgramData/MATLAB/SupportPackages/R2024b/3P.instrset/gnuarm-armcortex.instrset/win/bin/../lib/gcc/arm-none-eabi/13.2.1/thumb/v7e-m+fp/hard\libc_nano.a
END GROUP
START GROUP
LOAD C:/ProgramData/MATLAB/SupportPackages/R2024b/3P.instrset/gnuarm-armcortex.instrset/win/bin/../lib/gcc/arm-none-eabi/13.2.1/thumb/v7e-m+fp/hard\libgcc.a
LOAD C:/ProgramData/MATLAB/SupportPackages/R2024b/3P.instrset/gnuarm-armcortex.instrset/win/bin/../lib/gcc/arm-none-eabi/13.2.1/thumb/v7e-m+fp/hard\libc_nano.a
LOAD C:/ProgramData/MATLAB/SupportPackages/R2024b/3P.instrset/gnuarm-armcortex.instrset/win/bin/../lib/gcc/arm-none-eabi/13.2.1/thumb/v7e-m+fp/hard\libnosys.a
END GROUP
START GROUP
LOAD C:/ProgramData/MATLAB/SupportPackages/R2024b/3P.instrset/gnuarm-armcortex.instrset/win/bin/../lib/gcc/arm-none-eabi/13.2.1/thumb/v7e-m+fp/hard\libgcc.a
LOAD C:/ProgramData/MATLAB/SupportPackages/R2024b/3P.instrset/gnuarm-armcortex.instrset/win/bin/../lib/gcc/arm-none-eabi/13.2.1/thumb/v7e-m+fp/hard\libc_nano.a
LOAD C:/ProgramData/MATLAB/SupportPackages/R2024b/3P.instrset/gnuarm-armcortex.instrset/win/bin/../lib/gcc/arm-none-eabi/13.2.1/thumb/v7e-m+fp/hard\libnosys.a
END GROUP
LOAD C:/ProgramData/MATLAB/SupportPackages/R2024b/3P.instrset/gnuarm-armcortex.instrset/win/bin/../lib/gcc/arm-none-eabi/13.2.1/thumb/v7e-m+fp/hard/crtend.o
LOAD C:/ProgramData/MATLAB/SupportPackages/R2024b/3P.instrset/gnuarm-armcortex.instrset/win/bin/../lib/gcc/arm-none-eabi/13.2.1/thumb/v7e-m+fp/hard/crtn.o
                0x20020000                        _estack = (ORIGIN (RAM) + LENGTH (RAM))
                0x00000200                        _Min_Heap_Size = 0x200
                0x00000400                        _Min_Stack_Size = 0x400

.isr_vector     0x08000000      0x1c4
                0x08000000                        . = ALIGN (0x4)
 *(.isr_vector)
 .isr_vector    0x08000000      0x1c4 startup_stm32f446retx.o
                0x08000000                g_pfnVectors
                0x080001c4                        . = ALIGN (0x4)

.text           0x080001d0     0x7188
                0x080001d0                        . = ALIGN (0x4)
 *(.text)
 .text          0x080001d0      0x378 C:/ProgramData/MATLAB/SupportPackages/R2024b/3P.instrset/gnuarm-armcortex.instrset/win/bin/../lib/gcc/arm-none-eabi/13.2.1/thumb/v7e-m+fp/hard\libgcc.a(_arm_addsubdf3.o)
                0x080001d0                __aeabi_drsub
                0x080001d8                __aeabi_dsub
                0x080001d8                __subdf3
                0x080001dc                __aeabi_dadd
                0x080001dc                __adddf3
                0x08000454                __floatunsidf
                0x08000454                __aeabi_ui2d
                0x08000474                __floatsidf
                0x08000474                __aeabi_i2d
                0x08000498                __aeabi_f2d
                0x08000498                __extendsfdf2
                0x080004dc                __floatundidf
                0x080004dc                __aeabi_ul2d
                0x080004ec                __floatdidf
                0x080004ec                __aeabi_l2d
 .text          0x08000548      0x424 C:/ProgramData/MATLAB/SupportPackages/R2024b/3P.instrset/gnuarm-armcortex.instrset/win/bin/../lib/gcc/arm-none-eabi/13.2.1/thumb/v7e-m+fp/hard\libgcc.a(_arm_muldivdf3.o)
                0x08000548                __aeabi_dmul
                0x08000548                __muldf3
                0x0800079c                __divdf3
                0x0800079c                __aeabi_ddiv
 .text          0x0800096c      0x110 C:/ProgramData/MATLAB/SupportPackages/R2024b/3P.instrset/gnuarm-armcortex.instrset/win/bin/../lib/gcc/arm-none-eabi/13.2.1/thumb/v7e-m+fp/hard\libgcc.a(_arm_cmpdf2.o)
                0x0800096c                __gtdf2
                0x0800096c                __gedf2
                0x08000974                __ltdf2
                0x08000974                __ledf2
                0x0800097c                __nedf2
                0x0800097c                __eqdf2
                0x0800097c                __cmpdf2
                0x080009f8                __aeabi_cdrcmple
                0x08000a08                __aeabi_cdcmpeq
                0x08000a08                __aeabi_cdcmple
                0x08000a18                __aeabi_dcmpeq
                0x08000a2c                __aeabi_dcmplt
                0x08000a40                __aeabi_dcmple
                0x08000a54                __aeabi_dcmpge
                0x08000a68                __aeabi_dcmpgt
 .text          0x08000a7c       0x2c C:/ProgramData/MATLAB/SupportPackages/R2024b/3P.instrset/gnuarm-armcortex.instrset/win/bin/../lib/gcc/arm-none-eabi/13.2.1/thumb/v7e-m+fp/hard\libgcc.a(_arm_unorddf2.o)
                0x08000a7c                __unorddf2
                0x08000a7c                __aeabi_dcmpun
 .text          0x08000aa8       0x50 C:/ProgramData/MATLAB/SupportPackages/R2024b/3P.instrset/gnuarm-armcortex.instrset/win/bin/../lib/gcc/arm-none-eabi/13.2.1/thumb/v7e-m+fp/hard\libgcc.a(_arm_fixdfsi.o)
                0x08000aa8                __aeabi_d2iz
                0x08000aa8                __fixdfsi
 .text          0x08000af8       0x40 C:/ProgramData/MATLAB/SupportPackages/R2024b/3P.instrset/gnuarm-armcortex.instrset/win/bin/../lib/gcc/arm-none-eabi/13.2.1/thumb/v7e-m+fp/hard\libgcc.a(_arm_fixunsdfsi.o)
                0x08000af8                __aeabi_d2uiz
                0x08000af8                __fixunsdfsi
 .text          0x08000b38       0xa0 C:/ProgramData/MATLAB/SupportPackages/R2024b/3P.instrset/gnuarm-armcortex.instrset/win/bin/../lib/gcc/arm-none-eabi/13.2.1/thumb/v7e-m+fp/hard\libgcc.a(_aeabi_ldivmod.o)
                0x08000b38                __aeabi_ldivmod
 .text          0x08000bd8       0x30 C:/ProgramData/MATLAB/SupportPackages/R2024b/3P.instrset/gnuarm-armcortex.instrset/win/bin/../lib/gcc/arm-none-eabi/13.2.1/thumb/v7e-m+fp/hard\libgcc.a(_aeabi_uldivmod.o)
                0x08000bd8                __aeabi_uldivmod
 .text          0x08000c08        0x4 C:/ProgramData/MATLAB/SupportPackages/R2024b/3P.instrset/gnuarm-armcortex.instrset/win/bin/../lib/gcc/arm-none-eabi/13.2.1/thumb/v7e-m+fp/hard\libgcc.a(_dvmd_tls.o)
                0x08000c08                __aeabi_idiv0
                0x08000c08                __aeabi_ldiv0
 .text          0x08000c0c       0x14 C:/ProgramData/MATLAB/SupportPackages/R2024b/3P.instrset/gnuarm-armcortex.instrset/win/bin/../lib/gcc/arm-none-eabi/13.2.1/thumb/v7e-m+fp/hard\libc_nano.a(libc_a-strcmp.o)
                0x08000c0c                strcmp
 .text          0x08000c20       0x10 C:/ProgramData/MATLAB/SupportPackages/R2024b/3P.instrset/gnuarm-armcortex.instrset/win/bin/../lib/gcc/arm-none-eabi/13.2.1/thumb/v7e-m+fp/hard\libc_nano.a(libc_a-strlen.o)
                0x08000c20                strlen
 .text          0x08000c30       0xa0 C:/ProgramData/MATLAB/SupportPackages/R2024b/3P.instrset/gnuarm-armcortex.instrset/win/bin/../lib/gcc/arm-none-eabi/13.2.1/thumb/v7e-m+fp/hard\libc_nano.a(libc_a-memchr.o)
                0x08000c30                memchr
 *(.text*)
 .text.deregister_tm_clones
                0x08000cd0       0x1c C:/ProgramData/MATLAB/SupportPackages/R2024b/3P.instrset/gnuarm-armcortex.instrset/win/bin/../lib/gcc/arm-none-eabi/13.2.1/thumb/v7e-m+fp/hard/crtbegin.o
 .text.register_tm_clones
                0x08000cec       0x24 C:/ProgramData/MATLAB/SupportPackages/R2024b/3P.instrset/gnuarm-armcortex.instrset/win/bin/../lib/gcc/arm-none-eabi/13.2.1/thumb/v7e-m+fp/hard/crtbegin.o
 .text.__do_global_dtors_aux
                0x08000d10       0x28 C:/ProgramData/MATLAB/SupportPackages/R2024b/3P.instrset/gnuarm-armcortex.instrset/win/bin/../lib/gcc/arm-none-eabi/13.2.1/thumb/v7e-m+fp/hard/crtbegin.o
 .text.frame_dummy
                0x08000d38       0x24 C:/ProgramData/MATLAB/SupportPackages/R2024b/3P.instrset/gnuarm-armcortex.instrset/win/bin/../lib/gcc/arm-none-eabi/13.2.1/thumb/v7e-m+fp/hard/crtbegin.o
 .text.MW_CAN_Initialize
                0x08000d5c       0x28 stm_can_hal.o
                0x08000d5c                MW_CAN_Initialize
 .text.MW_configureCANFilter
                0x08000d84       0xc4 stm_can_hal.o
                0x08000d84                MW_configureCANFilter
 .text.MW_CAN_TransmitMessage
                0x08000e48       0x9c stm_can_hal.o
                0x08000e48                MW_CAN_TransmitMessage
 .text.MW_CAN_ReceiveMessage
                0x08000ee4       0x9c stm_can_hal.o
                0x08000ee4                MW_CAN_ReceiveMessage
 .text.MW_CAN_Close
                0x08000f80        0x4 stm_can_hal.o
                0x08000f80                MW_CAN_Close
 .text.ADC_IsActiveFlagJEOS
                0x08000f84       0x28 stm_adc_ll.o
                0x08000f84                ADC_IsActiveFlagJEOS
 .text.startADCConversionForExternalTrigger
                0x08000fac        0x4 stm_adc_ll.o
                0x08000fac                startADCConversionForExternalTrigger
 .text.ADC_Handle_Init
                0x08000fb0       0x98 stm_adc_ll.o
                0x08000fb0                ADC_Handle_Init
 .text.enableADC
                0x08001048       0x14 stm_adc_ll.o
                0x08001048                enableADC
 .text.injectedReadADCIntr
                0x0800105c       0xb0 stm_adc_ll.o
                0x0800105c                injectedReadADCIntr
 .text.ADC_Handle_Deinit
                0x0800110c       0x88 stm_adc_ll.o
                0x0800110c                ADC_Handle_Deinit
 .text.enableTimerInterrupts
                0x08001194       0xb4 stm_timer_ll.o
                0x08001194                enableTimerInterrupts
 .text.disableTimerInterrupts
                0x08001248       0xb0 stm_timer_ll.o
                0x08001248                disableTimerInterrupts
 .text.enableTimerChannel1
                0x080012f8       0x40 stm_timer_ll.o
                0x080012f8                enableTimerChannel1
 .text.disableTimerChannel1
                0x08001338       0x40 stm_timer_ll.o
                0x08001338                disableTimerChannel1
 .text.enableTimerChannel2
                0x08001378       0x40 stm_timer_ll.o
                0x08001378                enableTimerChannel2
 .text.disableTimerChannel2
                0x080013b8       0x40 stm_timer_ll.o
                0x080013b8                disableTimerChannel2
 .text.enableTimerChannel3
                0x080013f8       0x40 stm_timer_ll.o
                0x080013f8                enableTimerChannel3
 .text.disableTimerChannel3
                0x08001438       0x40 stm_timer_ll.o
                0x08001438                disableTimerChannel3
 .text.Timer_Handle_Init
                0x08001478       0x3c stm_timer_ll.o
                0x08001478                Timer_Handle_Init
 .text.MW_NVIC_ConfigureIRQ
                0x080014b4       0x2c mw_stm32_nvic.o
                0x080014b4                MW_NVIC_ConfigureIRQ
 .text.rt_OneStep
                0x080014e0       0x30 ert_main.o
                0x080014e0                rt_OneStep
 .text.startup.main
                0x08001510       0xa0 ert_main.o
                0x08001510                main
 .text.mcb_open_loop_control_nucle_now
                0x080015b0      0x224 mcb_open_loop_control_nucleo_f401re.o
 .text.ADC_IRQHandler
                0x080017d4      0x410 mcb_open_loop_control_nucleo_f401re.o
                0x080017d4                ADC_IRQHandler
 *fill*         0x08001be4        0x4 
 .text.mcb_open_loop_control_nucleo_f401re_step
                0x08001be8      0x75c mcb_open_loop_control_nucleo_f401re.o
                0x08001be8                mcb_open_loop_control_nucleo_f401re_step
 .text.mcb_open_loop_control_nucleo_f401re_initialize
                0x08002344      0x1c0 mcb_open_loop_control_nucleo_f401re.o
                0x08002344                mcb_open_loop_control_nucleo_f401re_initialize
 .text.mcb_open_loop_control_nucleo_f401re_terminate
                0x08002504       0xac mcb_open_loop_control_nucleo_f401re.o
                0x08002504                mcb_open_loop_control_nucleo_f401re_terminate
 .text.mcb_open_loop_control_nucleo_f401re_configure_interrupts
                0x080025b0       0x20 mcb_open_loop_control_nucleo_f401re.o
                0x080025b0                mcb_open_loop_control_nucleo_f401re_configure_interrupts
 .text.mcb_open_loop_control_nucleo_f401re_unconfigure_interrupts
                0x080025d0       0x18 mcb_open_loop_control_nucleo_f401re.o
                0x080025d0                mcb_open_loop_control_nucleo_f401re_unconfigure_interrupts
 .text.rtIsInf  0x080025e8       0x3c rt_nonfinite.o
                0x080025e8                rtIsInf
 .text.rtIsNaN  0x08002624       0x18 rt_nonfinite.o
                0x08002624                rtIsNaN
 .text.PeriphCommonClock_Config
                0x0800263c        0x4 platform_timer.o
                0x0800263c                PeriphCommonClock_Config
 .text.returnTimeElapsed
                0x08002640       0x54 platform_timer.o
                0x08002640                returnTimeElapsed
 .text.SysTick_Isr
                0x08002694       0x38 SysTickScheduler.o
 .text.SysTick_Handler
                0x080026cc       0x10 SysTickScheduler.o
                0x080026cc                SysTick_Handler
 .text.ARMCM_SysTick_Config
                0x080026dc       0xc0 SysTickScheduler.o
                0x080026dc                ARMCM_SysTick_Config
 .text.PendSV_Handler
                0x0800279c       0x44 m3m4m4f_multitasking.o
                0x0800279c                PendSV_Handler
 .text.SVC_Handler
                0x080027e0       0x58 m3m4m4f_multitasking.o
                0x080027e0                SVC_Handler
 .text.SystemClock_Config
                0x08002838       0xec main.o
                0x08002838                SystemClock_Config
 .text.MX_ADC1_Init
                0x08002924      0x278 main.o
                0x08002924                MX_ADC1_Init
 .text.MX_CAN1_Init
                0x08002b9c       0x38 main.o
                0x08002b9c                MX_CAN1_Init
 .text.MX_TIM1_Init
                0x08002bd4      0x13c main.o
                0x08002bd4                MX_TIM1_Init
 .text.MX_USART2_UART_Init
                0x08002d10      0x114 main.o
                0x08002d10                MX_USART2_UART_Init
 .text.MX_DMA_Init
                0x08002e24       0x38 main.o
                0x08002e24                MX_DMA_Init
 .text.MX_GPIO_Init
                0x08002e5c      0x138 main.o
                0x08002e5c                MX_GPIO_Init
 .text.HAL_TIM_PeriodElapsedCallback
                0x08002f94       0x14 main.o
                0x08002f94                HAL_TIM_PeriodElapsedCallback
 .text.NMI_Handler
                0x08002fa8        0x4 stm32f4xx_it.o
                0x08002fa8                NMI_Handler
 .text.HardFault_Handler
                0x08002fac        0x4 stm32f4xx_it.o
                0x08002fac                HardFault_Handler
 .text.MemManage_Handler
                0x08002fb0        0x4 stm32f4xx_it.o
                0x08002fb0                MemManage_Handler
 .text.BusFault_Handler
                0x08002fb4        0x4 stm32f4xx_it.o
                0x08002fb4                BusFault_Handler
 .text.UsageFault_Handler
                0x08002fb8        0x4 stm32f4xx_it.o
                0x08002fb8                UsageFault_Handler
 .text.DebugMon_Handler
                0x08002fbc        0x4 stm32f4xx_it.o
                0x08002fbc                DebugMon_Handler
 .text.DMA1_Stream5_IRQHandler
                0x08002fc0        0x4 stm32f4xx_it.o
                0x08002fc0                DMA1_Stream5_IRQHandler
 .text.TIM5_IRQHandler
                0x08002fc4        0xc stm32f4xx_it.o
                0x08002fc4                TIM5_IRQHandler
 .text.HAL_MspInit
                0x08002fd0       0x3c stm32f4xx_hal_msp.o
                0x08002fd0                HAL_MspInit
 *fill*         0x0800300c        0x4 
 .text.HAL_CAN_MspInit
                0x08003010       0x78 stm32f4xx_hal_msp.o
                0x08003010                HAL_CAN_MspInit
 .text.HAL_InitTick
                0x08003088       0x80 stm32f4xx_hal_timebase_tim.o
                0x08003088                HAL_InitTick
 .text.LL_GPIO_Init
                0x08003108      0x158 stm32f4xx_ll_gpio.o
                0x08003108                LL_GPIO_Init
 .text.LL_ADC_CommonInit
                0x08003260       0x5c stm32f4xx_ll_adc.o
                0x08003260                LL_ADC_CommonInit
 .text.LL_ADC_Init
                0x080032bc       0x38 stm32f4xx_ll_adc.o
                0x080032bc                LL_ADC_Init
 .text.LL_ADC_REG_Init
                0x080032f4       0x54 stm32f4xx_ll_adc.o
                0x080032f4                LL_ADC_REG_Init
 .text.LL_ADC_INJ_Init
                0x08003348       0x48 stm32f4xx_ll_adc.o
                0x08003348                LL_ADC_INJ_Init
 .text.LL_RCC_GetSystemClocksFreq
                0x08003390       0xc4 stm32f4xx_ll_rcc.o
                0x08003390                LL_RCC_GetSystemClocksFreq
 .text.LL_SetSystemCoreClock
                0x08003454        0xc stm32f4xx_ll_utils.o
                0x08003454                LL_SetSystemCoreClock
 .text.LL_EXTI_Init
                0x08003460       0xb0 stm32f4xx_ll_exti.o
                0x08003460                LL_EXTI_Init
 .text.HAL_RCC_GetPCLK1Freq
                0x08003510       0x20 stm32f4xx_hal_rcc.o
                0x08003510                HAL_RCC_GetPCLK1Freq
 .text.HAL_RCC_GetClockConfig
                0x08003530       0x44 stm32f4xx_hal_rcc.o
                0x08003530                HAL_RCC_GetClockConfig
 .text.HAL_GPIO_Init
                0x08003574      0x3c0 stm32f4xx_hal_gpio.o
                0x08003574                HAL_GPIO_Init
 .text.HAL_NVIC_SetPriorityGrouping
                0x08003934       0x24 stm32f4xx_hal_cortex.o
                0x08003934                HAL_NVIC_SetPriorityGrouping
 .text.HAL_NVIC_SetPriority
                0x08003958       0x78 stm32f4xx_hal_cortex.o
                0x08003958                HAL_NVIC_SetPriority
 .text.HAL_NVIC_EnableIRQ
                0x080039d0       0x1c stm32f4xx_hal_cortex.o
                0x080039d0                HAL_NVIC_EnableIRQ
 .text.HAL_Init
                0x080039ec       0x34 stm32f4xx_hal.o
                0x080039ec                HAL_Init
 .text.HAL_IncTick
                0x08003a20       0x18 stm32f4xx_hal.o
                0x08003a20                HAL_IncTick
 .text.HAL_GetTick
                0x08003a38        0xc stm32f4xx_hal.o
                0x08003a38                HAL_GetTick
 .text.HAL_CAN_Init
                0x08003a44      0x100 stm32f4xx_hal_can.o
                0x08003a44                HAL_CAN_Init
 .text.HAL_CAN_ConfigFilter
                0x08003b44      0x120 stm32f4xx_hal_can.o
                0x08003b44                HAL_CAN_ConfigFilter
 .text.HAL_CAN_Start
                0x08003c64       0x5c stm32f4xx_hal_can.o
                0x08003c64                HAL_CAN_Start
 .text.HAL_CAN_AddTxMessage
                0x08003cc0       0xb4 stm32f4xx_hal_can.o
                0x08003cc0                HAL_CAN_AddTxMessage
 .text.HAL_CAN_GetTxMailboxesFreeLevel
                0x08003d74       0x28 stm32f4xx_hal_can.o
                0x08003d74                HAL_CAN_GetTxMailboxesFreeLevel
 .text.HAL_CAN_GetRxMessage
                0x08003d9c       0xfc stm32f4xx_hal_can.o
                0x08003d9c                HAL_CAN_GetRxMessage
 .text.HAL_CAN_GetRxFifoFillLevel
                0x08003e98       0x24 stm32f4xx_hal_can.o
                0x08003e98                HAL_CAN_GetRxFifoFillLevel
 .text.HAL_TIM_Base_MspInit
                0x08003ebc        0x4 stm32f4xx_hal_tim.o
                0x08003ebc                HAL_TIM_Base_MspInit
 .text.HAL_TIM_Base_Init
                0x08003ec0      0x120 stm32f4xx_hal_tim.o
                0x08003ec0                HAL_TIM_Base_Init
 .text.HAL_TIM_Base_Start_IT
                0x08003fe0       0x74 stm32f4xx_hal_tim.o
                0x08003fe0                HAL_TIM_Base_Start_IT
 .text.HAL_TIM_OC_DelayElapsedCallback
                0x08004054        0x4 stm32f4xx_hal_tim.o
                0x08004054                HAL_TIM_OC_DelayElapsedCallback
 .text.HAL_TIM_IC_CaptureCallback
                0x08004058        0x4 stm32f4xx_hal_tim.o
                0x08004058                HAL_TIM_IC_CaptureCallback
 .text.HAL_TIM_PWM_PulseFinishedCallback
                0x0800405c        0x4 stm32f4xx_hal_tim.o
                0x0800405c                HAL_TIM_PWM_PulseFinishedCallback
 .text.HAL_TIM_TriggerCallback
                0x08004060        0x4 stm32f4xx_hal_tim.o
                0x08004060                HAL_TIM_TriggerCallback
 .text.HAL_TIM_IRQHandler
                0x08004064      0x154 stm32f4xx_hal_tim.o
                0x08004064                HAL_TIM_IRQHandler
 .text.HAL_TIMEx_CommutCallback
                0x080041b8        0x4 stm32f4xx_hal_tim_ex.o
                0x080041b8                HAL_TIMEx_CommutCallback
 .text.HAL_TIMEx_BreakCallback
                0x080041bc        0x4 stm32f4xx_hal_tim_ex.o
                0x080041bc                HAL_TIMEx_BreakCallback
 .text.LL_TIM_Init
                0x080041c0       0xc4 stm32f4xx_ll_tim.o
                0x080041c0                LL_TIM_Init
 .text.LL_TIM_OC_Init
                0x08004284      0x1c0 stm32f4xx_ll_tim.o
                0x08004284                LL_TIM_OC_Init
 .text.LL_TIM_BDTR_Init
                0x08004444       0x3c stm32f4xx_ll_tim.o
                0x08004444                LL_TIM_BDTR_Init
 .text.LL_USART_Init
                0x08004480      0x10c stm32f4xx_ll_usart.o
                0x08004480                LL_USART_Init
 .text.SystemInit
                0x0800458c       0x14 system_stm32f4xx.o
                0x0800458c                SystemInit
 .text._getpid  0x080045a0        0x4 syscalls.o
                0x080045a0                _getpid
 .text._kill    0x080045a4       0x10 syscalls.o
                0x080045a4                _kill
 .text._exit    0x080045b4        0xc syscalls.o
                0x080045b4                _exit
 .text._read    0x080045c0       0x1c syscalls.o
                0x080045c0                _read
 .text._write   0x080045dc       0x1c syscalls.o
                0x080045dc                _write
 .text._close   0x080045f8        0x8 syscalls.o
                0x080045f8                _close
 .text._fstat   0x08004600        0xc syscalls.o
                0x08004600                _fstat
 .text._isatty  0x0800460c        0x4 syscalls.o
                0x0800460c                _isatty
 .text._lseek   0x08004610        0x4 syscalls.o
                0x08004610                _lseek
 .text._sbrk    0x08004614       0x44 sysmem.o
                0x08004614                _sbrk
 .text.Reset_Handler
                0x08004658       0x50 startup_stm32f446retx.o
                0x08004658                Reset_Handler
 .text.Default_Handler
                0x080046a8        0x2 startup_stm32f446retx.o
                0x080046a8                RTC_Alarm_IRQHandler
                0x080046a8                EXTI2_IRQHandler
                0x080046a8                TIM8_CC_IRQHandler
                0x080046a8                FMPI2C1_EV_IRQHandler
                0x080046a8                SPI4_IRQHandler
                0x080046a8                TIM1_CC_IRQHandler
                0x080046a8                DMA2_Stream5_IRQHandler
                0x080046a8                PVD_IRQHandler
                0x080046a8                SDIO_IRQHandler
                0x080046a8                TAMP_STAMP_IRQHandler
                0x080046a8                CAN2_RX1_IRQHandler
                0x080046a8                EXTI3_IRQHandler
                0x080046a8                TIM8_TRG_COM_TIM14_IRQHandler
                0x080046a8                TIM1_UP_TIM10_IRQHandler
                0x080046a8                TIM8_UP_TIM13_IRQHandler
                0x080046a8                I2C3_ER_IRQHandler
                0x080046a8                EXTI0_IRQHandler
                0x080046a8                I2C2_EV_IRQHandler
                0x080046a8                DMA1_Stream2_IRQHandler
                0x080046a8                CAN1_RX0_IRQHandler
                0x080046a8                FPU_IRQHandler
                0x080046a8                OTG_HS_WKUP_IRQHandler
                0x080046a8                CAN2_SCE_IRQHandler
                0x080046a8                DMA2_Stream2_IRQHandler
                0x080046a8                SPI1_IRQHandler
                0x080046a8                TIM6_DAC_IRQHandler
                0x080046a8                TIM1_BRK_TIM9_IRQHandler
                0x080046a8                DCMI_IRQHandler
                0x080046a8                CAN2_RX0_IRQHandler
                0x080046a8                DMA2_Stream3_IRQHandler
                0x080046a8                SAI2_IRQHandler
                0x080046a8                USART6_IRQHandler
                0x080046a8                USART3_IRQHandler
                0x080046a8                CAN1_RX1_IRQHandler
                0x080046a8                UART5_IRQHandler
                0x080046a8                DMA2_Stream0_IRQHandler
                0x080046a8                TIM4_IRQHandler
                0x080046a8                QUADSPI_IRQHandler
                0x080046a8                I2C1_EV_IRQHandler
                0x080046a8                DMA1_Stream6_IRQHandler
                0x080046a8                DMA1_Stream1_IRQHandler
                0x080046a8                UART4_IRQHandler
                0x080046a8                TIM3_IRQHandler
                0x080046a8                RCC_IRQHandler
                0x080046a8                TIM8_BRK_TIM12_IRQHandler
                0x080046a8                Default_Handler
                0x080046a8                CEC_IRQHandler
                0x080046a8                EXTI15_10_IRQHandler
                0x080046a8                DMA1_Stream7_IRQHandler
                0x080046a8                TIM7_IRQHandler
                0x080046a8                CAN2_TX_IRQHandler
                0x080046a8                DMA2_Stream7_IRQHandler
                0x080046a8                I2C3_EV_IRQHandler
                0x080046a8                EXTI9_5_IRQHandler
                0x080046a8                RTC_WKUP_IRQHandler
                0x080046a8                SPDIF_RX_IRQHandler
                0x080046a8                SPI2_IRQHandler
                0x080046a8                OTG_HS_EP1_IN_IRQHandler
                0x080046a8                DMA1_Stream0_IRQHandler
                0x080046a8                CAN1_TX_IRQHandler
                0x080046a8                FMPI2C1_ER_IRQHandler
                0x080046a8                EXTI4_IRQHandler
                0x080046a8                OTG_HS_EP1_OUT_IRQHandler
                0x080046a8                WWDG_IRQHandler
                0x080046a8                TIM2_IRQHandler
                0x080046a8                OTG_FS_WKUP_IRQHandler
                0x080046a8                TIM1_TRG_COM_TIM11_IRQHandler
                0x080046a8                OTG_HS_IRQHandler
                0x080046a8                EXTI1_IRQHandler
                0x080046a8                USART2_IRQHandler
                0x080046a8                I2C2_ER_IRQHandler
                0x080046a8                DMA2_Stream1_IRQHandler
                0x080046a8                CAN1_SCE_IRQHandler
                0x080046a8                FLASH_IRQHandler
                0x080046a8                DMA2_Stream4_IRQHandler
                0x080046a8                USART1_IRQHandler
                0x080046a8                OTG_FS_IRQHandler
                0x080046a8                SPI3_IRQHandler
                0x080046a8                DMA1_Stream4_IRQHandler
                0x080046a8                I2C1_ER_IRQHandler
                0x080046a8                FMC_IRQHandler
                0x080046a8                DMA2_Stream6_IRQHandler
                0x080046a8                SAI1_IRQHandler
                0x080046a8                DMA1_Stream3_IRQHandler
 *fill*         0x080046aa        0x2 
 .text.fmod     0x080046ac       0x6c C:/ProgramData/MATLAB/SupportPackages/R2024b/3P.instrset/gnuarm-armcortex.instrset/win/bin/../lib/gcc/arm-none-eabi/13.2.1/thumb/v7e-m+fp/hard\libm.a(libm_a-w_fmod.o)
                0x080046ac                fmod
 .text.ceil     0x08004718      0x100 C:/ProgramData/MATLAB/SupportPackages/R2024b/3P.instrset/gnuarm-armcortex.instrset/win/bin/../lib/gcc/arm-none-eabi/13.2.1/thumb/v7e-m+fp/hard\libm.a(libm_a-s_ceil.o)
                0x08004718                ceil
 .text.floor    0x08004818      0x108 C:/ProgramData/MATLAB/SupportPackages/R2024b/3P.instrset/gnuarm-armcortex.instrset/win/bin/../lib/gcc/arm-none-eabi/13.2.1/thumb/v7e-m+fp/hard\libm.a(libm_a-s_floor.o)
                0x08004818                floor
 .text.floorf   0x08004920       0x94 C:/ProgramData/MATLAB/SupportPackages/R2024b/3P.instrset/gnuarm-armcortex.instrset/win/bin/../lib/gcc/arm-none-eabi/13.2.1/thumb/v7e-m+fp/hard\libm.a(libm_a-sf_floor.o)
                0x08004920                floorf
 .text.__ieee754_fmod
                0x080049b4      0x30c C:/ProgramData/MATLAB/SupportPackages/R2024b/3P.instrset/gnuarm-armcortex.instrset/win/bin/../lib/gcc/arm-none-eabi/13.2.1/thumb/v7e-m+fp/hard\libm.a(libm_a-e_fmod.o)
                0x080049b4                __ieee754_fmod
 .text.__udivmoddi4
                0x08004cc0      0x2bc C:/ProgramData/MATLAB/SupportPackages/R2024b/3P.instrset/gnuarm-armcortex.instrset/win/bin/../lib/gcc/arm-none-eabi/13.2.1/thumb/v7e-m+fp/hard\libgcc.a(_udivmoddi4.o)
                0x08004cc0                __udivmoddi4
 .text.std      0x08004f7c       0x6c C:/ProgramData/MATLAB/SupportPackages/R2024b/3P.instrset/gnuarm-armcortex.instrset/win/bin/../lib/gcc/arm-none-eabi/13.2.1/thumb/v7e-m+fp/hard\libc_nano.a(libc_a-findfp.o)
 .text.stdio_exit_handler
                0x08004fe8       0x18 C:/ProgramData/MATLAB/SupportPackages/R2024b/3P.instrset/gnuarm-armcortex.instrset/win/bin/../lib/gcc/arm-none-eabi/13.2.1/thumb/v7e-m+fp/hard\libc_nano.a(libc_a-findfp.o)
 .text.cleanup_stdio
                0x08005000       0x40 C:/ProgramData/MATLAB/SupportPackages/R2024b/3P.instrset/gnuarm-armcortex.instrset/win/bin/../lib/gcc/arm-none-eabi/13.2.1/thumb/v7e-m+fp/hard\libc_nano.a(libc_a-findfp.o)
 .text.global_stdio_init.part.0
                0x08005040       0x3c C:/ProgramData/MATLAB/SupportPackages/R2024b/3P.instrset/gnuarm-armcortex.instrset/win/bin/../lib/gcc/arm-none-eabi/13.2.1/thumb/v7e-m+fp/hard\libc_nano.a(libc_a-findfp.o)
 .text.__sfp_lock_acquire
                0x0800507c        0xc C:/ProgramData/MATLAB/SupportPackages/R2024b/3P.instrset/gnuarm-armcortex.instrset/win/bin/../lib/gcc/arm-none-eabi/13.2.1/thumb/v7e-m+fp/hard\libc_nano.a(libc_a-findfp.o)
                0x0800507c                __sfp_lock_acquire
 .text.__sfp_lock_release
                0x08005088        0xc C:/ProgramData/MATLAB/SupportPackages/R2024b/3P.instrset/gnuarm-armcortex.instrset/win/bin/../lib/gcc/arm-none-eabi/13.2.1/thumb/v7e-m+fp/hard\libc_nano.a(libc_a-findfp.o)
                0x08005088                __sfp_lock_release
 .text.__sinit  0x08005094       0x30 C:/ProgramData/MATLAB/SupportPackages/R2024b/3P.instrset/gnuarm-armcortex.instrset/win/bin/../lib/gcc/arm-none-eabi/13.2.1/thumb/v7e-m+fp/hard\libc_nano.a(libc_a-findfp.o)
                0x08005094                __sinit
 .text._fwalk_sglue
                0x080050c4       0x3c C:/ProgramData/MATLAB/SupportPackages/R2024b/3P.instrset/gnuarm-armcortex.instrset/win/bin/../lib/gcc/arm-none-eabi/13.2.1/thumb/v7e-m+fp/hard\libc_nano.a(libc_a-fwalk.o)
                0x080050c4                _fwalk_sglue
 .text.__sread  0x08005100       0x22 C:/ProgramData/MATLAB/SupportPackages/R2024b/3P.instrset/gnuarm-armcortex.instrset/win/bin/../lib/gcc/arm-none-eabi/13.2.1/thumb/v7e-m+fp/hard\libc_nano.a(libc_a-stdio.o)
                0x08005100                __sread
 .text.__seofread
                0x08005122        0x4 C:/ProgramData/MATLAB/SupportPackages/R2024b/3P.instrset/gnuarm-armcortex.instrset/win/bin/../lib/gcc/arm-none-eabi/13.2.1/thumb/v7e-m+fp/hard\libc_nano.a(libc_a-stdio.o)
                0x08005122                __seofread
 .text.__swrite
                0x08005126       0x38 C:/ProgramData/MATLAB/SupportPackages/R2024b/3P.instrset/gnuarm-armcortex.instrset/win/bin/../lib/gcc/arm-none-eabi/13.2.1/thumb/v7e-m+fp/hard\libc_nano.a(libc_a-stdio.o)
                0x08005126                __swrite
 .text.__sseek  0x0800515e       0x24 C:/ProgramData/MATLAB/SupportPackages/R2024b/3P.instrset/gnuarm-armcortex.instrset/win/bin/../lib/gcc/arm-none-eabi/13.2.1/thumb/v7e-m+fp/hard\libc_nano.a(libc_a-stdio.o)
                0x0800515e                __sseek
 .text.__sclose
                0x08005182        0x8 C:/ProgramData/MATLAB/SupportPackages/R2024b/3P.instrset/gnuarm-armcortex.instrset/win/bin/../lib/gcc/arm-none-eabi/13.2.1/thumb/v7e-m+fp/hard\libc_nano.a(libc_a-stdio.o)
                0x08005182                __sclose
 .text.memset   0x0800518a       0x10 C:/ProgramData/MATLAB/SupportPackages/R2024b/3P.instrset/gnuarm-armcortex.instrset/win/bin/../lib/gcc/arm-none-eabi/13.2.1/thumb/v7e-m+fp/hard\libc_nano.a(libc_a-memset.o)
                0x0800518a                memset
 *fill*         0x0800519a        0x2 
 .text.localtime
                0x0800519c       0x3c C:/ProgramData/MATLAB/SupportPackages/R2024b/3P.instrset/gnuarm-armcortex.instrset/win/bin/../lib/gcc/arm-none-eabi/13.2.1/thumb/v7e-m+fp/hard\libc_nano.a(libc_a-lcltime.o)
                0x0800519c                localtime
 .text.localtime_r
                0x080051d8      0x1e0 C:/ProgramData/MATLAB/SupportPackages/R2024b/3P.instrset/gnuarm-armcortex.instrset/win/bin/../lib/gcc/arm-none-eabi/13.2.1/thumb/v7e-m+fp/hard\libc_nano.a(libc_a-lcltime_r.o)
                0x080051d8                localtime_r
 .text.time     0x080053b8       0x38 C:/ProgramData/MATLAB/SupportPackages/R2024b/3P.instrset/gnuarm-armcortex.instrset/win/bin/../lib/gcc/arm-none-eabi/13.2.1/thumb/v7e-m+fp/hard\libc_nano.a(libc_a-time.o)
                0x080053b8                time
 .text.__tzcalc_limits
                0x080053f0      0x168 C:/ProgramData/MATLAB/SupportPackages/R2024b/3P.instrset/gnuarm-armcortex.instrset/win/bin/../lib/gcc/arm-none-eabi/13.2.1/thumb/v7e-m+fp/hard\libc_nano.a(libc_a-tzcalc_limits.o)
                0x080053f0                __tzcalc_limits
 .text.__tz_lock
                0x08005558        0xc C:/ProgramData/MATLAB/SupportPackages/R2024b/3P.instrset/gnuarm-armcortex.instrset/win/bin/../lib/gcc/arm-none-eabi/13.2.1/thumb/v7e-m+fp/hard\libc_nano.a(libc_a-tzlock.o)
                0x08005558                __tz_lock
 .text.__tz_unlock
                0x08005564        0xc C:/ProgramData/MATLAB/SupportPackages/R2024b/3P.instrset/gnuarm-armcortex.instrset/win/bin/../lib/gcc/arm-none-eabi/13.2.1/thumb/v7e-m+fp/hard\libc_nano.a(libc_a-tzlock.o)
                0x08005564                __tz_unlock
 .text._tzset_unlocked
                0x08005570        0xc C:/ProgramData/MATLAB/SupportPackages/R2024b/3P.instrset/gnuarm-armcortex.instrset/win/bin/../lib/gcc/arm-none-eabi/13.2.1/thumb/v7e-m+fp/hard\libc_nano.a(libc_a-tzset.o)
                0x08005570                _tzset_unlocked
 .text._tzset_unlocked_r
                0x0800557c      0x444 C:/ProgramData/MATLAB/SupportPackages/R2024b/3P.instrset/gnuarm-armcortex.instrset/win/bin/../lib/gcc/arm-none-eabi/13.2.1/thumb/v7e-m+fp/hard\libc_nano.a(libc_a-tzset_r.o)
                0x0800557c                _tzset_unlocked_r
 .text._close_r
                0x080059c0       0x20 C:/ProgramData/MATLAB/SupportPackages/R2024b/3P.instrset/gnuarm-armcortex.instrset/win/bin/../lib/gcc/arm-none-eabi/13.2.1/thumb/v7e-m+fp/hard\libc_nano.a(libc_a-closer.o)
                0x080059c0                _close_r
 .text._gettimeofday_r
                0x080059e0       0x24 C:/ProgramData/MATLAB/SupportPackages/R2024b/3P.instrset/gnuarm-armcortex.instrset/win/bin/../lib/gcc/arm-none-eabi/13.2.1/thumb/v7e-m+fp/hard\libc_nano.a(libc_a-gettimeofdayr.o)
                0x080059e0                _gettimeofday_r
 .text._lseek_r
                0x08005a04       0x24 C:/ProgramData/MATLAB/SupportPackages/R2024b/3P.instrset/gnuarm-armcortex.instrset/win/bin/../lib/gcc/arm-none-eabi/13.2.1/thumb/v7e-m+fp/hard\libc_nano.a(libc_a-lseekr.o)
                0x08005a04                _lseek_r
 .text._read_r  0x08005a28       0x24 C:/ProgramData/MATLAB/SupportPackages/R2024b/3P.instrset/gnuarm-armcortex.instrset/win/bin/../lib/gcc/arm-none-eabi/13.2.1/thumb/v7e-m+fp/hard\libc_nano.a(libc_a-readr.o)
                0x08005a28                _read_r
 .text._write_r
                0x08005a4c       0x24 C:/ProgramData/MATLAB/SupportPackages/R2024b/3P.instrset/gnuarm-armcortex.instrset/win/bin/../lib/gcc/arm-none-eabi/13.2.1/thumb/v7e-m+fp/hard\libc_nano.a(libc_a-writer.o)
                0x08005a4c                _write_r
 .text.__errno  0x08005a70        0xc C:/ProgramData/MATLAB/SupportPackages/R2024b/3P.instrset/gnuarm-armcortex.instrset/win/bin/../lib/gcc/arm-none-eabi/13.2.1/thumb/v7e-m+fp/hard\libc_nano.a(libc_a-errno.o)
                0x08005a70                __errno
 .text.__libc_init_array
                0x08005a7c       0x48 C:/ProgramData/MATLAB/SupportPackages/R2024b/3P.instrset/gnuarm-armcortex.instrset/win/bin/../lib/gcc/arm-none-eabi/13.2.1/thumb/v7e-m+fp/hard\libc_nano.a(libc_a-init.o)
                0x08005a7c                __libc_init_array
 .text.__retarget_lock_init_recursive
                0x08005ac4        0x2 C:/ProgramData/MATLAB/SupportPackages/R2024b/3P.instrset/gnuarm-armcortex.instrset/win/bin/../lib/gcc/arm-none-eabi/13.2.1/thumb/v7e-m+fp/hard\libc_nano.a(libc_a-lock.o)
                0x08005ac4                __retarget_lock_init_recursive
 .text.__retarget_lock_acquire
                0x08005ac6        0x2 C:/ProgramData/MATLAB/SupportPackages/R2024b/3P.instrset/gnuarm-armcortex.instrset/win/bin/../lib/gcc/arm-none-eabi/13.2.1/thumb/v7e-m+fp/hard\libc_nano.a(libc_a-lock.o)
                0x08005ac6                __retarget_lock_acquire
 .text.__retarget_lock_acquire_recursive
                0x08005ac8        0x2 C:/ProgramData/MATLAB/SupportPackages/R2024b/3P.instrset/gnuarm-armcortex.instrset/win/bin/../lib/gcc/arm-none-eabi/13.2.1/thumb/v7e-m+fp/hard\libc_nano.a(libc_a-lock.o)
                0x08005ac8                __retarget_lock_acquire_recursive
 .text.__retarget_lock_release
                0x08005aca        0x2 C:/ProgramData/MATLAB/SupportPackages/R2024b/3P.instrset/gnuarm-armcortex.instrset/win/bin/../lib/gcc/arm-none-eabi/13.2.1/thumb/v7e-m+fp/hard\libc_nano.a(libc_a-lock.o)
                0x08005aca                __retarget_lock_release
 .text.__retarget_lock_release_recursive
                0x08005acc        0x2 C:/ProgramData/MATLAB/SupportPackages/R2024b/3P.instrset/gnuarm-armcortex.instrset/win/bin/../lib/gcc/arm-none-eabi/13.2.1/thumb/v7e-m+fp/hard\libc_nano.a(libc_a-lock.o)
                0x08005acc                __retarget_lock_release_recursive
 .text.strcpy   0x08005ace       0x10 C:/ProgramData/MATLAB/SupportPackages/R2024b/3P.instrset/gnuarm-armcortex.instrset/win/bin/../lib/gcc/arm-none-eabi/13.2.1/thumb/v7e-m+fp/hard\libc_nano.a(libc_a-strcpy.o)
                0x08005ace                strcpy
 .text.memcpy   0x08005ade       0x1c C:/ProgramData/MATLAB/SupportPackages/R2024b/3P.instrset/gnuarm-armcortex.instrset/win/bin/../lib/gcc/arm-none-eabi/13.2.1/thumb/v7e-m+fp/hard\libc_nano.a(libc_a-memcpy-stub.o)
                0x08005ade                memcpy
 *fill*         0x08005afa        0x2 
 .text.__assert_func
                0x08005afc       0x3c C:/ProgramData/MATLAB/SupportPackages/R2024b/3P.instrset/gnuarm-armcortex.instrset/win/bin/../lib/gcc/arm-none-eabi/13.2.1/thumb/v7e-m+fp/hard\libc_nano.a(libc_a-assert.o)
                0x08005afc                __assert_func
 .text._free_r  0x08005b38       0x94 C:/ProgramData/MATLAB/SupportPackages/R2024b/3P.instrset/gnuarm-armcortex.instrset/win/bin/../lib/gcc/arm-none-eabi/13.2.1/thumb/v7e-m+fp/hard\libc_nano.a(libc_a-freer.o)
                0x08005b38                _free_r
 .text._findenv_r
                0x08005bcc       0x78 C:/ProgramData/MATLAB/SupportPackages/R2024b/3P.instrset/gnuarm-armcortex.instrset/win/bin/../lib/gcc/arm-none-eabi/13.2.1/thumb/v7e-m+fp/hard\libc_nano.a(libc_a-getenv_r.o)
                0x08005bcc                _findenv_r
 .text._getenv_r
                0x08005c44        0xe C:/ProgramData/MATLAB/SupportPackages/R2024b/3P.instrset/gnuarm-armcortex.instrset/win/bin/../lib/gcc/arm-none-eabi/13.2.1/thumb/v7e-m+fp/hard\libc_nano.a(libc_a-getenv_r.o)
                0x08005c44                _getenv_r
 *fill*         0x08005c52        0x2 
 .text.malloc   0x08005c54       0x10 C:/ProgramData/MATLAB/SupportPackages/R2024b/3P.instrset/gnuarm-armcortex.instrset/win/bin/../lib/gcc/arm-none-eabi/13.2.1/thumb/v7e-m+fp/hard\libc_nano.a(libc_a-malloc.o)
                0x08005c54                malloc
 .text.free     0x08005c64       0x10 C:/ProgramData/MATLAB/SupportPackages/R2024b/3P.instrset/gnuarm-armcortex.instrset/win/bin/../lib/gcc/arm-none-eabi/13.2.1/thumb/v7e-m+fp/hard\libc_nano.a(libc_a-malloc.o)
                0x08005c64                free
 .text.sbrk_aligned
                0x08005c74       0x44 C:/ProgramData/MATLAB/SupportPackages/R2024b/3P.instrset/gnuarm-armcortex.instrset/win/bin/../lib/gcc/arm-none-eabi/13.2.1/thumb/v7e-m+fp/hard\libc_nano.a(libc_a-mallocr.o)
 .text._malloc_r
                0x08005cb8      0x100 C:/ProgramData/MATLAB/SupportPackages/R2024b/3P.instrset/gnuarm-armcortex.instrset/win/bin/../lib/gcc/arm-none-eabi/13.2.1/thumb/v7e-m+fp/hard\libc_nano.a(libc_a-mallocr.o)
                0x08005cb8                _malloc_r
 .text.__malloc_lock
                0x08005db8        0xc C:/ProgramData/MATLAB/SupportPackages/R2024b/3P.instrset/gnuarm-armcortex.instrset/win/bin/../lib/gcc/arm-none-eabi/13.2.1/thumb/v7e-m+fp/hard\libc_nano.a(libc_a-mlock.o)
                0x08005db8                __malloc_lock
 .text.__malloc_unlock
                0x08005dc4        0xc C:/ProgramData/MATLAB/SupportPackages/R2024b/3P.instrset/gnuarm-armcortex.instrset/win/bin/../lib/gcc/arm-none-eabi/13.2.1/thumb/v7e-m+fp/hard\libc_nano.a(libc_a-mlock.o)
                0x08005dc4                __malloc_unlock
 .text._strtoul_l.isra.0
                0x08005dd0       0xdc C:/ProgramData/MATLAB/SupportPackages/R2024b/3P.instrset/gnuarm-armcortex.instrset/win/bin/../lib/gcc/arm-none-eabi/13.2.1/thumb/v7e-m+fp/hard\libc_nano.a(libc_a-strtoul.o)
 .text._strtoul_r
                0x08005eac        0x4 C:/ProgramData/MATLAB/SupportPackages/R2024b/3P.instrset/gnuarm-armcortex.instrset/win/bin/../lib/gcc/arm-none-eabi/13.2.1/thumb/v7e-m+fp/hard\libc_nano.a(libc_a-strtoul.o)
                0x08005eac                _strtoul_r
 .text.strtoul  0x08005eb0       0x14 C:/ProgramData/MATLAB/SupportPackages/R2024b/3P.instrset/gnuarm-armcortex.instrset/win/bin/../lib/gcc/arm-none-eabi/13.2.1/thumb/v7e-m+fp/hard\libc_nano.a(libc_a-strtoul.o)
                0x08005eb0                strtoul
 .text.__sflush_r
                0x08005ec4      0x108 C:/ProgramData/MATLAB/SupportPackages/R2024b/3P.instrset/gnuarm-armcortex.instrset/win/bin/../lib/gcc/arm-none-eabi/13.2.1/thumb/v7e-m+fp/hard\libc_nano.a(libc_a-fflush.o)
                0x08005ec4                __sflush_r
 .text._fflush_r
                0x08005fcc       0x50 C:/ProgramData/MATLAB/SupportPackages/R2024b/3P.instrset/gnuarm-armcortex.instrset/win/bin/../lib/gcc/arm-none-eabi/13.2.1/thumb/v7e-m+fp/hard\libc_nano.a(libc_a-fflush.o)
                0x08005fcc                _fflush_r
 .text.fprintf  0x0800601c       0x24 C:/ProgramData/MATLAB/SupportPackages/R2024b/3P.instrset/gnuarm-armcortex.instrset/win/bin/../lib/gcc/arm-none-eabi/13.2.1/thumb/v7e-m+fp/hard\libc_nano.a(libc_a-fprintf.o)
                0x0800601c                fiprintf
                0x0800601c                fprintf
 .text.sscanf   0x08006040       0x54 C:/ProgramData/MATLAB/SupportPackages/R2024b/3P.instrset/gnuarm-armcortex.instrset/win/bin/../lib/gcc/arm-none-eabi/13.2.1/thumb/v7e-m+fp/hard\libc_nano.a(libc_a-sscanf.o)
                0x08006040                siscanf
                0x08006040                sscanf
 .text.strncmp  0x08006094       0x24 C:/ProgramData/MATLAB/SupportPackages/R2024b/3P.instrset/gnuarm-armcortex.instrset/win/bin/../lib/gcc/arm-none-eabi/13.2.1/thumb/v7e-m+fp/hard\libc_nano.a(libc_a-strncmp.o)
                0x08006094                strncmp
 .text.__gettzinfo
                0x080060b8        0x8 C:/ProgramData/MATLAB/SupportPackages/R2024b/3P.instrset/gnuarm-armcortex.instrset/win/bin/../lib/gcc/arm-none-eabi/13.2.1/thumb/v7e-m+fp/hard\libc_nano.a(libc_a-gettzinfo.o)
                0x080060b8                __gettzinfo
 .text.gmtime_r
                0x080060c0      0x14c C:/ProgramData/MATLAB/SupportPackages/R2024b/3P.instrset/gnuarm-armcortex.instrset/win/bin/../lib/gcc/arm-none-eabi/13.2.1/thumb/v7e-m+fp/hard\libc_nano.a(libc_a-gmtime_r.o)
                0x080060c0                gmtime_r
 .text._sbrk_r  0x0800620c       0x20 C:/ProgramData/MATLAB/SupportPackages/R2024b/3P.instrset/gnuarm-armcortex.instrset/win/bin/../lib/gcc/arm-none-eabi/13.2.1/thumb/v7e-m+fp/hard\libc_nano.a(libc_a-sbrkr.o)
                0x0800620c                _sbrk_r
 .text.abort    0x0800622c        0xe C:/ProgramData/MATLAB/SupportPackages/R2024b/3P.instrset/gnuarm-armcortex.instrset/win/bin/../lib/gcc/arm-none-eabi/13.2.1/thumb/v7e-m+fp/hard\libc_nano.a(libc_a-abort.o)
                0x0800622c                abort
 *fill*         0x0800623a        0x2 
 .text.__env_lock
                0x0800623c        0xc C:/ProgramData/MATLAB/SupportPackages/R2024b/3P.instrset/gnuarm-armcortex.instrset/win/bin/../lib/gcc/arm-none-eabi/13.2.1/thumb/v7e-m+fp/hard\libc_nano.a(libc_a-envlock.o)
                0x0800623c                __env_lock
 .text.__env_unlock
                0x08006248        0xc C:/ProgramData/MATLAB/SupportPackages/R2024b/3P.instrset/gnuarm-armcortex.instrset/win/bin/../lib/gcc/arm-none-eabi/13.2.1/thumb/v7e-m+fp/hard\libc_nano.a(libc_a-envlock.o)
                0x08006248                __env_unlock
 .text._sungetc_r
                0x08006254       0x7a C:/ProgramData/MATLAB/SupportPackages/R2024b/3P.instrset/gnuarm-armcortex.instrset/win/bin/../lib/gcc/arm-none-eabi/13.2.1/thumb/v7e-m+fp/hard\libc_nano.a(libc_a-nano-svfscanf.o)
                0x08006254                _sungetc_r
 .text.__ssrefill_r
                0x080062ce       0x3a C:/ProgramData/MATLAB/SupportPackages/R2024b/3P.instrset/gnuarm-armcortex.instrset/win/bin/../lib/gcc/arm-none-eabi/13.2.1/thumb/v7e-m+fp/hard\libc_nano.a(libc_a-nano-svfscanf.o)
                0x080062ce                __ssrefill_r
 .text.__ssvfscanf_r
                0x08006308      0x2ec C:/ProgramData/MATLAB/SupportPackages/R2024b/3P.instrset/gnuarm-armcortex.instrset/win/bin/../lib/gcc/arm-none-eabi/13.2.1/thumb/v7e-m+fp/hard\libc_nano.a(libc_a-nano-svfscanf.o)
                0x08006308                __ssvfiscanf_r
                0x08006308                __ssvfscanf_r
 .text.__sfputc_r
                0x080065f4       0x2e C:/ProgramData/MATLAB/SupportPackages/R2024b/3P.instrset/gnuarm-armcortex.instrset/win/bin/../lib/gcc/arm-none-eabi/13.2.1/thumb/v7e-m+fp/hard\libc_nano.a(libc_a-nano-vfprintf.o)
 .text.__sfputs_r
                0x08006622       0x24 C:/ProgramData/MATLAB/SupportPackages/R2024b/3P.instrset/gnuarm-armcortex.instrset/win/bin/../lib/gcc/arm-none-eabi/13.2.1/thumb/v7e-m+fp/hard\libc_nano.a(libc_a-nano-vfprintf.o)
                0x08006622                __sfputs_r
 *fill*         0x08006646        0x2 
 .text._vfprintf_r
                0x08006648      0x230 C:/ProgramData/MATLAB/SupportPackages/R2024b/3P.instrset/gnuarm-armcortex.instrset/win/bin/../lib/gcc/arm-none-eabi/13.2.1/thumb/v7e-m+fp/hard\libc_nano.a(libc_a-nano-vfprintf.o)
                0x08006648                _vfprintf_r
                0x08006648                _vfiprintf_r
 .text._printf_common
                0x08006878       0xda C:/ProgramData/MATLAB/SupportPackages/R2024b/3P.instrset/gnuarm-armcortex.instrset/win/bin/../lib/gcc/arm-none-eabi/13.2.1/thumb/v7e-m+fp/hard\libc_nano.a(libc_a-nano-vfprintf_i.o)
                0x08006878                _printf_common
 *fill*         0x08006952        0x2 
 .text._printf_i
                0x08006954      0x23c C:/ProgramData/MATLAB/SupportPackages/R2024b/3P.instrset/gnuarm-armcortex.instrset/win/bin/../lib/gcc/arm-none-eabi/13.2.1/thumb/v7e-m+fp/hard\libc_nano.a(libc_a-nano-vfprintf_i.o)
                0x08006954                _printf_i
 .text._scanf_chars
                0x08006b90       0xb4 C:/ProgramData/MATLAB/SupportPackages/R2024b/3P.instrset/gnuarm-armcortex.instrset/win/bin/../lib/gcc/arm-none-eabi/13.2.1/thumb/v7e-m+fp/hard\libc_nano.a(libc_a-nano-vfscanf_i.o)
                0x08006b90                _scanf_chars
 .text._scanf_i
                0x08006c44      0x1e8 C:/ProgramData/MATLAB/SupportPackages/R2024b/3P.instrset/gnuarm-armcortex.instrset/win/bin/../lib/gcc/arm-none-eabi/13.2.1/thumb/v7e-m+fp/hard\libc_nano.a(libc_a-nano-vfscanf_i.o)
                0x08006c44                _scanf_i
 .text.__sccl   0x08006e2c       0x72 C:/ProgramData/MATLAB/SupportPackages/R2024b/3P.instrset/gnuarm-armcortex.instrset/win/bin/../lib/gcc/arm-none-eabi/13.2.1/thumb/v7e-m+fp/hard\libc_nano.a(libc_a-sccl.o)
                0x08006e2c                __sccl
 .text.__submore
                0x08006e9e       0x74 C:/ProgramData/MATLAB/SupportPackages/R2024b/3P.instrset/gnuarm-armcortex.instrset/win/bin/../lib/gcc/arm-none-eabi/13.2.1/thumb/v7e-m+fp/hard\libc_nano.a(libc_a-ungetc.o)
                0x08006e9e                __submore
 .text.__swbuf_r
                0x08006f12       0x7c C:/ProgramData/MATLAB/SupportPackages/R2024b/3P.instrset/gnuarm-armcortex.instrset/win/bin/../lib/gcc/arm-none-eabi/13.2.1/thumb/v7e-m+fp/hard\libc_nano.a(libc_a-wbuf.o)
                0x08006f12                __swbuf_r
 *fill*         0x08006f8e        0x2 
 .text.__swsetup_r
                0x08006f90       0xac C:/ProgramData/MATLAB/SupportPackages/R2024b/3P.instrset/gnuarm-armcortex.instrset/win/bin/../lib/gcc/arm-none-eabi/13.2.1/thumb/v7e-m+fp/hard\libc_nano.a(libc_a-wsetup.o)
                0x08006f90                __swsetup_r
 .text._raise_r
                0x0800703c       0x50 C:/ProgramData/MATLAB/SupportPackages/R2024b/3P.instrset/gnuarm-armcortex.instrset/win/bin/../lib/gcc/arm-none-eabi/13.2.1/thumb/v7e-m+fp/hard\libc_nano.a(libc_a-signal.o)
                0x0800703c                _raise_r
 .text.raise    0x0800708c       0x10 C:/ProgramData/MATLAB/SupportPackages/R2024b/3P.instrset/gnuarm-armcortex.instrset/win/bin/../lib/gcc/arm-none-eabi/13.2.1/thumb/v7e-m+fp/hard\libc_nano.a(libc_a-signal.o)
                0x0800708c                raise
 .text._kill_r  0x0800709c       0x24 C:/ProgramData/MATLAB/SupportPackages/R2024b/3P.instrset/gnuarm-armcortex.instrset/win/bin/../lib/gcc/arm-none-eabi/13.2.1/thumb/v7e-m+fp/hard\libc_nano.a(libc_a-signalr.o)
                0x0800709c                _kill_r
 .text._getpid_r
                0x080070c0        0x4 C:/ProgramData/MATLAB/SupportPackages/R2024b/3P.instrset/gnuarm-armcortex.instrset/win/bin/../lib/gcc/arm-none-eabi/13.2.1/thumb/v7e-m+fp/hard\libc_nano.a(libc_a-signalr.o)
                0x080070c0                _getpid_r
 .text._realloc_r
                0x080070c4       0x5c C:/ProgramData/MATLAB/SupportPackages/R2024b/3P.instrset/gnuarm-armcortex.instrset/win/bin/../lib/gcc/arm-none-eabi/13.2.1/thumb/v7e-m+fp/hard\libc_nano.a(libc_a-reallocr.o)
                0x080070c4                _realloc_r
 .text._strtol_l.isra.0
                0x08007120       0xf4 C:/ProgramData/MATLAB/SupportPackages/R2024b/3P.instrset/gnuarm-armcortex.instrset/win/bin/../lib/gcc/arm-none-eabi/13.2.1/thumb/v7e-m+fp/hard\libc_nano.a(libc_a-strtol.o)
 .text._strtol_r
                0x08007214        0x4 C:/ProgramData/MATLAB/SupportPackages/R2024b/3P.instrset/gnuarm-armcortex.instrset/win/bin/../lib/gcc/arm-none-eabi/13.2.1/thumb/v7e-m+fp/hard\libc_nano.a(libc_a-strtol.o)
                0x08007214                _strtol_r
 .text.__swhatbuf_r
                0x08007218       0x4c C:/ProgramData/MATLAB/SupportPackages/R2024b/3P.instrset/gnuarm-armcortex.instrset/win/bin/../lib/gcc/arm-none-eabi/13.2.1/thumb/v7e-m+fp/hard\libc_nano.a(libc_a-makebuf.o)
                0x08007218                __swhatbuf_r
 .text.__smakebuf_r
                0x08007264       0x78 C:/ProgramData/MATLAB/SupportPackages/R2024b/3P.instrset/gnuarm-armcortex.instrset/win/bin/../lib/gcc/arm-none-eabi/13.2.1/thumb/v7e-m+fp/hard\libc_nano.a(libc_a-makebuf.o)
                0x08007264                __smakebuf_r
 .text._fstat_r
                0x080072dc       0x24 C:/ProgramData/MATLAB/SupportPackages/R2024b/3P.instrset/gnuarm-armcortex.instrset/win/bin/../lib/gcc/arm-none-eabi/13.2.1/thumb/v7e-m+fp/hard\libc_nano.a(libc_a-fstatr.o)
                0x080072dc                _fstat_r
 .text._isatty_r
                0x08007300       0x20 C:/ProgramData/MATLAB/SupportPackages/R2024b/3P.instrset/gnuarm-armcortex.instrset/win/bin/../lib/gcc/arm-none-eabi/13.2.1/thumb/v7e-m+fp/hard\libc_nano.a(libc_a-isattyr.o)
                0x08007300                _isatty_r
 .text._malloc_usable_size_r
                0x08007320       0x10 C:/ProgramData/MATLAB/SupportPackages/R2024b/3P.instrset/gnuarm-armcortex.instrset/win/bin/../lib/gcc/arm-none-eabi/13.2.1/thumb/v7e-m+fp/hard\libc_nano.a(libc_a-msizer.o)
                0x08007320                _malloc_usable_size_r
 .text._gettimeofday
                0x08007330       0x10 C:/ProgramData/MATLAB/SupportPackages/R2024b/3P.instrset/gnuarm-armcortex.instrset/win/bin/../lib/gcc/arm-none-eabi/13.2.1/thumb/v7e-m+fp/hard\libnosys.a(gettod.o)
                0x08007330                _gettimeofday
 *(.glue_7)
 .glue_7        0x08007340        0x0 linker stubs
 *(.glue_7t)
 .glue_7t       0x08007340        0x0 linker stubs
 *(.eh_frame)
 .eh_frame      0x08007340        0x0 C:/ProgramData/MATLAB/SupportPackages/R2024b/3P.instrset/gnuarm-armcortex.instrset/win/bin/../lib/gcc/arm-none-eabi/13.2.1/thumb/v7e-m+fp/hard/crtbegin.o
 *(.init)
 .init          0x08007340        0x4 C:/ProgramData/MATLAB/SupportPackages/R2024b/3P.instrset/gnuarm-armcortex.instrset/win/bin/../lib/gcc/arm-none-eabi/13.2.1/thumb/v7e-m+fp/hard/crti.o
                0x08007340                _init
 .init          0x08007344        0x8 C:/ProgramData/MATLAB/SupportPackages/R2024b/3P.instrset/gnuarm-armcortex.instrset/win/bin/../lib/gcc/arm-none-eabi/13.2.1/thumb/v7e-m+fp/hard/crtn.o
 *(.fini)
 .fini          0x0800734c        0x4 C:/ProgramData/MATLAB/SupportPackages/R2024b/3P.instrset/gnuarm-armcortex.instrset/win/bin/../lib/gcc/arm-none-eabi/13.2.1/thumb/v7e-m+fp/hard/crti.o
                0x0800734c                _fini
 .fini          0x08007350        0x8 C:/ProgramData/MATLAB/SupportPackages/R2024b/3P.instrset/gnuarm-armcortex.instrset/win/bin/../lib/gcc/arm-none-eabi/13.2.1/thumb/v7e-m+fp/hard/crtn.o
                0x08007358                        . = ALIGN (0x4)
                0x08007358                        _etext = .

.vfp11_veneer   0x08007358        0x0
 .vfp11_veneer  0x08007358        0x0 linker stubs

.v4_bx          0x08007358        0x0
 .v4_bx         0x08007358        0x0 linker stubs

.iplt           0x08007358        0x0
 .iplt          0x08007358        0x0 C:/ProgramData/MATLAB/SupportPackages/R2024b/3P.instrset/gnuarm-armcortex.instrset/win/bin/../lib/gcc/arm-none-eabi/13.2.1/thumb/v7e-m+fp/hard/crtbegin.o

.rodata         0x08007358      0xcb0
                0x08007358                        . = ALIGN (0x4)
 *(.rodata)
 .rodata        0x08007358        0xc C:/ProgramData/MATLAB/SupportPackages/R2024b/3P.instrset/gnuarm-armcortex.instrset/win/bin/../lib/gcc/arm-none-eabi/13.2.1/thumb/v7e-m+fp/hard\libc_nano.a(libc_a-nano-vfscanf_i.o)
 *(.rodata*)
 .rodata.tmp.0  0x08007364      0x9c4 mcb_open_loop_control_nucleo_f401re.o
 .rodata.mcb_open_loop_control_nucleo_M
                0x08007d28        0x4 mcb_open_loop_control_nucleo_f401re.o
                0x08007d28                mcb_open_loop_control_nucleo_M
 .rodata.APBPrescTable
                0x08007d2c        0x8 system_stm32f4xx.o
                0x08007d2c                APBPrescTable
 .rodata.AHBPrescTable
                0x08007d34       0x10 system_stm32f4xx.o
                0x08007d34                AHBPrescTable
 *fill*         0x08007d44        0x4 
 .rodata.Zero   0x08007d48       0x10 C:/ProgramData/MATLAB/SupportPackages/R2024b/3P.instrset/gnuarm-armcortex.instrset/win/bin/../lib/gcc/arm-none-eabi/13.2.1/thumb/v7e-m+fp/hard\libm.a(libm_a-e_fmod.o)
 .rodata.localtime.str1.1
                0x08007d58      0x149 C:/ProgramData/MATLAB/SupportPackages/R2024b/3P.instrset/gnuarm-armcortex.instrset/win/bin/../lib/gcc/arm-none-eabi/13.2.1/thumb/v7e-m+fp/hard\libc_nano.a(libc_a-lcltime.o)
                                 0x71 (size before relaxing)
 *fill*         0x08007ea1        0x3 
 .rodata.__month_lengths
                0x08007ea4       0x60 C:/ProgramData/MATLAB/SupportPackages/R2024b/3P.instrset/gnuarm-armcortex.instrset/win/bin/../lib/gcc/arm-none-eabi/13.2.1/thumb/v7e-m+fp/hard\libc_nano.a(libc_a-month_lengths.o)
                0x08007ea4                __month_lengths
 .rodata._tzset_unlocked_r.str1.1
                0x08007f04       0x61 C:/ProgramData/MATLAB/SupportPackages/R2024b/3P.instrset/gnuarm-armcortex.instrset/win/bin/../lib/gcc/arm-none-eabi/13.2.1/thumb/v7e-m+fp/hard\libc_nano.a(libc_a-tzset_r.o)
 .rodata.str1.1
                0x08007f04        0x4 C:/ProgramData/MATLAB/SupportPackages/R2024b/3P.instrset/gnuarm-armcortex.instrset/win/bin/../lib/gcc/arm-none-eabi/13.2.1/thumb/v7e-m+fp/hard\libc_nano.a(libc_a-tzvars.o)
 .rodata.__assert_func.str1.1
                0x08007f04       0x3d C:/ProgramData/MATLAB/SupportPackages/R2024b/3P.instrset/gnuarm-armcortex.instrset/win/bin/../lib/gcc/arm-none-eabi/13.2.1/thumb/v7e-m+fp/hard\libc_nano.a(libc_a-assert.o)
 .rodata._ctype_
                0x08007f04      0x101 C:/ProgramData/MATLAB/SupportPackages/R2024b/3P.instrset/gnuarm-armcortex.instrset/win/bin/../lib/gcc/arm-none-eabi/13.2.1/thumb/v7e-m+fp/hard\libc_nano.a(libc_a-ctype_.o)
                0x08007f04                _ctype_
 .rodata.__ssvfscanf_r.str1.1
                0x08008005        0x4 C:/ProgramData/MATLAB/SupportPackages/R2024b/3P.instrset/gnuarm-armcortex.instrset/win/bin/../lib/gcc/arm-none-eabi/13.2.1/thumb/v7e-m+fp/hard\libc_nano.a(libc_a-nano-svfscanf.o)
 .rodata._vfprintf_r.str1.1
                0x08008005       0x11 C:/ProgramData/MATLAB/SupportPackages/R2024b/3P.instrset/gnuarm-armcortex.instrset/win/bin/../lib/gcc/arm-none-eabi/13.2.1/thumb/v7e-m+fp/hard\libc_nano.a(libc_a-nano-vfprintf.o)
 .rodata._printf_i.str1.1
                0x08008005       0x22 C:/ProgramData/MATLAB/SupportPackages/R2024b/3P.instrset/gnuarm-armcortex.instrset/win/bin/../lib/gcc/arm-none-eabi/13.2.1/thumb/v7e-m+fp/hard\libc_nano.a(libc_a-nano-vfprintf_i.o)
 .rodata._scanf_i.str1.1
                0x08008005       0x12 C:/ProgramData/MATLAB/SupportPackages/R2024b/3P.instrset/gnuarm-armcortex.instrset/win/bin/../lib/gcc/arm-none-eabi/13.2.1/thumb/v7e-m+fp/hard\libc_nano.a(libc_a-nano-vfscanf_i.o)
 .rodata.str1.1
                0x08008005        0x9 C:/ProgramData/MATLAB/SupportPackages/R2024b/3P.instrset/gnuarm-armcortex.instrset/win/bin/../lib/gcc/arm-none-eabi/13.2.1/thumb/v7e-m+fp/hard\libc_nano.a(libc_a-nano-vfscanf_i.o)
                0x08008028                        . = ALIGN (0x4)
 *fill*         0x08008005        0x3 

.ARM.extab      0x08008008        0x0
                0x08008008                        . = ALIGN (0x4)
 *(.ARM.extab* .gnu.linkonce.armextab.*)
                0x08008008                        . = ALIGN (0x4)

.ARM            0x08008008        0x8
                0x08008008                        . = ALIGN (0x4)
                0x08008008                        __exidx_start = .
 *(.ARM.exidx*)
 .ARM.exidx     0x08008008        0x8 C:/ProgramData/MATLAB/SupportPackages/R2024b/3P.instrset/gnuarm-armcortex.instrset/win/bin/../lib/gcc/arm-none-eabi/13.2.1/thumb/v7e-m+fp/hard\libc_nano.a(libc_a-strcmp.o)
 .ARM.exidx     0x08008010        0x0 C:/ProgramData/MATLAB/SupportPackages/R2024b/3P.instrset/gnuarm-armcortex.instrset/win/bin/../lib/gcc/arm-none-eabi/13.2.1/thumb/v7e-m+fp/hard\libc_nano.a(libc_a-strlen.o)
                                  0x8 (size before relaxing)
 .ARM.exidx     0x08008010        0x0 C:/ProgramData/MATLAB/SupportPackages/R2024b/3P.instrset/gnuarm-armcortex.instrset/win/bin/../lib/gcc/arm-none-eabi/13.2.1/thumb/v7e-m+fp/hard\libc_nano.a(libc_a-memchr.o)
                                  0x8 (size before relaxing)
 .ARM.exidx.text.__udivmoddi4
                0x08008010        0x0 C:/ProgramData/MATLAB/SupportPackages/R2024b/3P.instrset/gnuarm-armcortex.instrset/win/bin/../lib/gcc/arm-none-eabi/13.2.1/thumb/v7e-m+fp/hard\libgcc.a(_udivmoddi4.o)
                                  0x8 (size before relaxing)
                0x08008010                        __exidx_end = .
                0x08008010                        . = ALIGN (0x4)

.rel.dyn        0x08008010        0x0
 .rel.iplt      0x08008010        0x0 C:/ProgramData/MATLAB/SupportPackages/R2024b/3P.instrset/gnuarm-armcortex.instrset/win/bin/../lib/gcc/arm-none-eabi/13.2.1/thumb/v7e-m+fp/hard/crtbegin.o

.preinit_array  0x08008010        0x0
                0x08008010                        . = ALIGN (0x4)
                0x08008010                        PROVIDE (__preinit_array_start = .)
 *(.preinit_array*)
                0x08008010                        PROVIDE (__preinit_array_end = .)
                0x08008010                        . = ALIGN (0x4)

.init_array     0x08008010        0x4
                0x08008010                        . = ALIGN (0x4)
                0x08008010                        PROVIDE (__init_array_start = .)
 *(SORT_BY_NAME(.init_array.*))
 *(.init_array*)
 .init_array    0x08008010        0x4 C:/ProgramData/MATLAB/SupportPackages/R2024b/3P.instrset/gnuarm-armcortex.instrset/win/bin/../lib/gcc/arm-none-eabi/13.2.1/thumb/v7e-m+fp/hard/crtbegin.o
                0x08008014                        PROVIDE (__init_array_end = .)
                0x08008014                        . = ALIGN (0x4)

.fini_array     0x08008014        0x4
                0x08008014                        . = ALIGN (0x4)
                [!provide]                        PROVIDE (__fini_array_start = .)
 *(SORT_BY_NAME(.fini_array.*))
 *(.fini_array*)
 .fini_array    0x08008014        0x4 C:/ProgramData/MATLAB/SupportPackages/R2024b/3P.instrset/gnuarm-armcortex.instrset/win/bin/../lib/gcc/arm-none-eabi/13.2.1/thumb/v7e-m+fp/hard/crtbegin.o
                [!provide]                        PROVIDE (__fini_array_end = .)
                0x08008018                        . = ALIGN (0x4)
                0x08008018                        _sidata = LOADADDR (.data)

.data           0x20000000     0x1120 load address 0x08008018
                0x20000000                        . = ALIGN (0x4)
                0x20000000                        _sdata = .
 *(.data)
 *(.data*)
 .data.mcb_open_loop_control_nucleo__P
                0x20000000     0x104c mcb_open_loop_control_nucleo_f401re_data.o
                0x20000000                mcb_open_loop_control_nucleo__P
 *fill*         0x2000104c        0x4 
 .data.rtNaN    0x20001050        0x8 rt_nonfinite.o
                0x20001050                rtNaN
 .data.uwTickFreq
                0x20001058        0x1 stm32f4xx_hal.o
                0x20001058                uwTickFreq
 *fill*         0x20001059        0x3 
 .data.SystemCoreClock
                0x2000105c        0x4 system_stm32f4xx.o
                0x2000105c                SystemCoreClock
 .data.environ  0x20001060        0x4 syscalls.o
                0x20001060                environ
 .data.__sglue  0x20001064        0xc C:/ProgramData/MATLAB/SupportPackages/R2024b/3P.instrset/gnuarm-armcortex.instrset/win/bin/../lib/gcc/arm-none-eabi/13.2.1/thumb/v7e-m+fp/hard\libc_nano.a(libc_a-findfp.o)
                0x20001064                __sglue
 .data._tzname  0x20001070        0x8 C:/ProgramData/MATLAB/SupportPackages/R2024b/3P.instrset/gnuarm-armcortex.instrset/win/bin/../lib/gcc/arm-none-eabi/13.2.1/thumb/v7e-m+fp/hard\libc_nano.a(libc_a-tzvars.o)
                0x20001070                _tzname
 .data._impure_ptr
                0x20001078        0x4 C:/ProgramData/MATLAB/SupportPackages/R2024b/3P.instrset/gnuarm-armcortex.instrset/win/bin/../lib/gcc/arm-none-eabi/13.2.1/thumb/v7e-m+fp/hard\libc_nano.a(libc_a-impure.o)
                0x20001078                _impure_ptr
 .data._impure_data
                0x2000107c       0x4c C:/ProgramData/MATLAB/SupportPackages/R2024b/3P.instrset/gnuarm-armcortex.instrset/win/bin/../lib/gcc/arm-none-eabi/13.2.1/thumb/v7e-m+fp/hard\libc_nano.a(libc_a-impure.o)
                0x2000107c                _impure_data
 .data.tzinfo   0x200010c8       0x58 C:/ProgramData/MATLAB/SupportPackages/R2024b/3P.instrset/gnuarm-armcortex.instrset/win/bin/../lib/gcc/arm-none-eabi/13.2.1/thumb/v7e-m+fp/hard\libc_nano.a(libc_a-gettzinfo.o)
 *(.RamFunc)
 *(.RamFunc*)
                0x20001120                        . = ALIGN (0x4)
                0x20001120                        _edata = .

.tm_clone_table
                0x20001120        0x0 load address 0x08009138
 .tm_clone_table
                0x20001120        0x0 C:/ProgramData/MATLAB/SupportPackages/R2024b/3P.instrset/gnuarm-armcortex.instrset/win/bin/../lib/gcc/arm-none-eabi/13.2.1/thumb/v7e-m+fp/hard/crtbegin.o
 .tm_clone_table
                0x20001120        0x0 C:/ProgramData/MATLAB/SupportPackages/R2024b/3P.instrset/gnuarm-armcortex.instrset/win/bin/../lib/gcc/arm-none-eabi/13.2.1/thumb/v7e-m+fp/hard/crtend.o

.igot.plt       0x20001120        0x0 load address 0x08009138
 .igot.plt      0x20001120        0x0 C:/ProgramData/MATLAB/SupportPackages/R2024b/3P.instrset/gnuarm-armcortex.instrset/win/bin/../lib/gcc/arm-none-eabi/13.2.1/thumb/v7e-m+fp/hard/crtbegin.o
                0x20001120                        . = ALIGN (0x4)

.bss            0x20001120      0xd60 load address 0x08009138
                0x20001120                        _sbss = .
                0x20001120                        __bss_start__ = _sbss
 *(.bss)
 *(.bss*)
 .bss.completed.1
                0x20001120        0x1 C:/ProgramData/MATLAB/SupportPackages/R2024b/3P.instrset/gnuarm-armcortex.instrset/win/bin/../lib/gcc/arm-none-eabi/13.2.1/thumb/v7e-m+fp/hard/crtbegin.o
 *fill*         0x20001121        0x3 
 .bss.object.0  0x20001124       0x18 C:/ProgramData/MATLAB/SupportPackages/R2024b/3P.instrset/gnuarm-armcortex.instrset/win/bin/../lib/gcc/arm-none-eabi/13.2.1/thumb/v7e-m+fp/hard/crtbegin.o
 .bss.filterConfigured.0
                0x2000113c       0x2a stm_can_hal.o
 *fill*         0x20001166        0x2 
 .bss.mw_can1   0x20001168        0x8 stm_can_hal.o
                0x20001168                mw_can1
 .bss.mw_adc1   0x20001170       0x1c stm_adc_ll.o
                0x20001170                mw_adc1
 .bss.mw_tim1   0x2000118c       0x8c stm_timer_ll.o
                0x2000118c                mw_tim1
 .bss.runModel  0x20001218        0x1 ert_main.o
                0x20001218                runModel
 .bss.stopRequested
                0x20001219        0x1 ert_main.o
                0x20001219                stopRequested
 .bss.OverrunFlag
                0x2000121a        0x1 ert_main.o
 *fill*         0x2000121b        0x1 
 .bss.IsrOverrun
                0x2000121c        0x4 ert_main.o
                0x2000121c                IsrOverrun
 .bss.mcb_open_loop_control_nucleo_M_
                0x20001220        0x4 mcb_open_loop_control_nucleo_f401re.o
 *fill*         0x20001224        0x4 
 .bss.mcb_open_loop_control_nucleo_DW
                0x20001228      0xa38 mcb_open_loop_control_nucleo_f401re.o
                0x20001228                mcb_open_loop_control_nucleo_DW
 .bss.mcb_open_loop_control_nucleo__B
                0x20001c60       0x28 mcb_open_loop_control_nucleo_f401re.o
                0x20001c60                mcb_open_loop_control_nucleo__B
 .bss.schdl_counter_max
                0x20001c88        0x4 SysTickScheduler.o
                0x20001c88                schdl_counter_max
 .bss.schdl_counter
                0x20001c8c        0x4 SysTickScheduler.o
                0x20001c8c                schdl_counter
 .bss.taskToSchedule
                0x20001c90        0x4 m3m4m4f_multitasking.o
                0x20001c90                taskToSchedule
 .bss.hcan1     0x20001c94       0x28 main.o
                0x20001c94                hcan1
 .bss.htim5     0x20001cbc       0x48 stm32f4xx_hal_timebase_tim.o
                0x20001cbc                htim5
 .bss.uwTick    0x20001d04        0x4 stm32f4xx_hal.o
                0x20001d04                uwTick
 .bss.__env     0x20001d08        0x4 syscalls.o
                0x20001d08                __env
 .bss.__sbrk_heap_end
                0x20001d0c        0x4 sysmem.o
 .bss.__sf      0x20001d10      0x138 C:/ProgramData/MATLAB/SupportPackages/R2024b/3P.instrset/gnuarm-armcortex.instrset/win/bin/../lib/gcc/arm-none-eabi/13.2.1/thumb/v7e-m+fp/hard\libc_nano.a(libc_a-findfp.o)
                0x20001d10                __sf
 .bss.__stdio_exit_handler
                0x20001e48        0x4 C:/ProgramData/MATLAB/SupportPackages/R2024b/3P.instrset/gnuarm-armcortex.instrset/win/bin/../lib/gcc/arm-none-eabi/13.2.1/thumb/v7e-m+fp/hard\libc_nano.a(libc_a-findfp.o)
                0x20001e48                __stdio_exit_handler
 .bss.prev_tzenv
                0x20001e4c        0x4 C:/ProgramData/MATLAB/SupportPackages/R2024b/3P.instrset/gnuarm-armcortex.instrset/win/bin/../lib/gcc/arm-none-eabi/13.2.1/thumb/v7e-m+fp/hard\libc_nano.a(libc_a-tzset_r.o)
 .bss.__tzname_dst
                0x20001e50        0xc C:/ProgramData/MATLAB/SupportPackages/R2024b/3P.instrset/gnuarm-armcortex.instrset/win/bin/../lib/gcc/arm-none-eabi/13.2.1/thumb/v7e-m+fp/hard\libc_nano.a(libc_a-tzset_r.o)
 .bss.__tzname_std
                0x20001e5c        0xc C:/ProgramData/MATLAB/SupportPackages/R2024b/3P.instrset/gnuarm-armcortex.instrset/win/bin/../lib/gcc/arm-none-eabi/13.2.1/thumb/v7e-m+fp/hard\libc_nano.a(libc_a-tzset_r.o)
 .bss._timezone
                0x20001e68        0x4 C:/ProgramData/MATLAB/SupportPackages/R2024b/3P.instrset/gnuarm-armcortex.instrset/win/bin/../lib/gcc/arm-none-eabi/13.2.1/thumb/v7e-m+fp/hard\libc_nano.a(libc_a-tzvars.o)
                0x20001e68                _timezone
 .bss._daylight
                0x20001e6c        0x4 C:/ProgramData/MATLAB/SupportPackages/R2024b/3P.instrset/gnuarm-armcortex.instrset/win/bin/../lib/gcc/arm-none-eabi/13.2.1/thumb/v7e-m+fp/hard\libc_nano.a(libc_a-tzvars.o)
                0x20001e6c                _daylight
 .bss.errno     0x20001e70        0x4 C:/ProgramData/MATLAB/SupportPackages/R2024b/3P.instrset/gnuarm-armcortex.instrset/win/bin/../lib/gcc/arm-none-eabi/13.2.1/thumb/v7e-m+fp/hard\libc_nano.a(libc_a-reent.o)
                0x20001e70                errno
 .bss.__lock___tz_mutex
                0x20001e74        0x1 C:/ProgramData/MATLAB/SupportPackages/R2024b/3P.instrset/gnuarm-armcortex.instrset/win/bin/../lib/gcc/arm-none-eabi/13.2.1/thumb/v7e-m+fp/hard\libc_nano.a(libc_a-lock.o)
                0x20001e74                __lock___tz_mutex
 .bss.__lock___env_recursive_mutex
                0x20001e75        0x1 C:/ProgramData/MATLAB/SupportPackages/R2024b/3P.instrset/gnuarm-armcortex.instrset/win/bin/../lib/gcc/arm-none-eabi/13.2.1/thumb/v7e-m+fp/hard\libc_nano.a(libc_a-lock.o)
                0x20001e75                __lock___env_recursive_mutex
 .bss.__lock___malloc_recursive_mutex
                0x20001e76        0x1 C:/ProgramData/MATLAB/SupportPackages/R2024b/3P.instrset/gnuarm-armcortex.instrset/win/bin/../lib/gcc/arm-none-eabi/13.2.1/thumb/v7e-m+fp/hard\libc_nano.a(libc_a-lock.o)
                0x20001e76                __lock___malloc_recursive_mutex
 .bss.__lock___sfp_recursive_mutex
                0x20001e77        0x1 C:/ProgramData/MATLAB/SupportPackages/R2024b/3P.instrset/gnuarm-armcortex.instrset/win/bin/../lib/gcc/arm-none-eabi/13.2.1/thumb/v7e-m+fp/hard\libc_nano.a(libc_a-lock.o)
                0x20001e77                __lock___sfp_recursive_mutex
 .bss.__malloc_sbrk_start
                0x20001e78        0x4 C:/ProgramData/MATLAB/SupportPackages/R2024b/3P.instrset/gnuarm-armcortex.instrset/win/bin/../lib/gcc/arm-none-eabi/13.2.1/thumb/v7e-m+fp/hard\libc_nano.a(libc_a-mallocr.o)
                0x20001e78                __malloc_sbrk_start
 .bss.__malloc_free_list
                0x20001e7c        0x4 C:/ProgramData/MATLAB/SupportPackages/R2024b/3P.instrset/gnuarm-armcortex.instrset/win/bin/../lib/gcc/arm-none-eabi/13.2.1/thumb/v7e-m+fp/hard\libc_nano.a(libc_a-mallocr.o)
                0x20001e7c                __malloc_free_list
 *(COMMON)
                0x20001e80                        . = ALIGN (0x4)
                0x20001e80                        _ebss = .
                0x20001e80                        __bss_end__ = _ebss

._user_heap_stack
                0x20001e80      0x600 load address 0x08009138
                0x20001e80                        . = ALIGN (0x8)
                [!provide]                        PROVIDE (end = .)
                0x20001e80                        PROVIDE (_end = .)
                0x20002080                        . = (. + _Min_Heap_Size)
 *fill*         0x20001e80      0x200 
                0x20002480                        . = (. + _Min_Stack_Size)
 *fill*         0x20002080      0x400 
                0x20002480                        . = ALIGN (0x8)

/DISCARD/
 libc.a(*)
 libm.a(*)
 libgcc.a(*)

.ARM.attributes
                0x00000000       0x30
 *(.ARM.attributes)
 .ARM.attributes
                0x00000000       0x22 C:/ProgramData/MATLAB/SupportPackages/R2024b/3P.instrset/gnuarm-armcortex.instrset/win/bin/../lib/gcc/arm-none-eabi/13.2.1/thumb/v7e-m+fp/hard/crti.o
 .ARM.attributes
                0x00000022       0x34 C:/ProgramData/MATLAB/SupportPackages/R2024b/3P.instrset/gnuarm-armcortex.instrset/win/bin/../lib/gcc/arm-none-eabi/13.2.1/thumb/v7e-m+fp/hard/crtbegin.o
 .ARM.attributes
                0x00000056       0x34 stm_can_hal.o
 .ARM.attributes
                0x0000008a       0x34 stm_adc_ll.o
 .ARM.attributes
                0x000000be       0x34 stm_timer_ll.o
 .ARM.attributes
                0x000000f2       0x34 mw_stm32_nvic.o
 .ARM.attributes
                0x00000126       0x34 ert_main.o
 .ARM.attributes
                0x0000015a       0x34 mcb_open_loop_control_nucleo_f401re.o
 .ARM.attributes
                0x0000018e       0x34 mcb_open_loop_control_nucleo_f401re_data.o
 .ARM.attributes
                0x000001c2       0x34 rt_nonfinite.o
 .ARM.attributes
                0x000001f6       0x34 platform_timer.o
 .ARM.attributes
                0x0000022a       0x34 SysTickScheduler.o
 .ARM.attributes
                0x0000025e       0x34 m3m4m4f_multitasking.o
 .ARM.attributes
                0x00000292       0x34 main.o
 .ARM.attributes
                0x000002c6       0x34 stm32f4xx_it.o
 .ARM.attributes
                0x000002fa       0x34 stm32f4xx_hal_msp.o
 .ARM.attributes
                0x0000032e       0x34 stm32f4xx_hal_timebase_tim.o
 .ARM.attributes
                0x00000362       0x34 stm32f4xx_ll_gpio.o
 .ARM.attributes
                0x00000396       0x34 stm32f4xx_ll_adc.o
 .ARM.attributes
                0x000003ca       0x34 stm32f4xx_ll_rcc.o
 .ARM.attributes
                0x000003fe       0x34 stm32f4xx_ll_utils.o
 .ARM.attributes
                0x00000432       0x34 stm32f4xx_ll_exti.o
 .ARM.attributes
                0x00000466       0x34 stm32f4xx_hal_rcc.o
 .ARM.attributes
                0x0000049a       0x34 stm32f4xx_hal_gpio.o
 .ARM.attributes
                0x000004ce       0x34 stm32f4xx_hal_cortex.o
 .ARM.attributes
                0x00000502       0x34 stm32f4xx_hal.o
 .ARM.attributes
                0x00000536       0x34 stm32f4xx_hal_can.o
 .ARM.attributes
                0x0000056a       0x34 stm32f4xx_hal_tim.o
 .ARM.attributes
                0x0000059e       0x34 stm32f4xx_hal_tim_ex.o
 .ARM.attributes
                0x000005d2       0x34 stm32f4xx_ll_tim.o
 .ARM.attributes
                0x00000606       0x34 stm32f4xx_ll_usart.o
 .ARM.attributes
                0x0000063a       0x34 system_stm32f4xx.o
 .ARM.attributes
                0x0000066e       0x34 syscalls.o
 .ARM.attributes
                0x000006a2       0x34 sysmem.o
 .ARM.attributes
                0x000006d6       0x21 startup_stm32f446retx.o
 .ARM.attributes
                0x000006f7       0x34 C:/ProgramData/MATLAB/SupportPackages/R2024b/3P.instrset/gnuarm-armcortex.instrset/win/bin/../lib/gcc/arm-none-eabi/13.2.1/thumb/v7e-m+fp/hard\libm.a(libm_a-w_fmod.o)
 .ARM.attributes
                0x0000072b       0x34 C:/ProgramData/MATLAB/SupportPackages/R2024b/3P.instrset/gnuarm-armcortex.instrset/win/bin/../lib/gcc/arm-none-eabi/13.2.1/thumb/v7e-m+fp/hard\libm.a(libm_a-s_ceil.o)
 .ARM.attributes
                0x0000075f       0x34 C:/ProgramData/MATLAB/SupportPackages/R2024b/3P.instrset/gnuarm-armcortex.instrset/win/bin/../lib/gcc/arm-none-eabi/13.2.1/thumb/v7e-m+fp/hard\libm.a(libm_a-s_floor.o)
 .ARM.attributes
                0x00000793       0x34 C:/ProgramData/MATLAB/SupportPackages/R2024b/3P.instrset/gnuarm-armcortex.instrset/win/bin/../lib/gcc/arm-none-eabi/13.2.1/thumb/v7e-m+fp/hard\libm.a(libm_a-sf_floor.o)
 .ARM.attributes
                0x000007c7       0x34 C:/ProgramData/MATLAB/SupportPackages/R2024b/3P.instrset/gnuarm-armcortex.instrset/win/bin/../lib/gcc/arm-none-eabi/13.2.1/thumb/v7e-m+fp/hard\libm.a(libm_a-e_fmod.o)
 .ARM.attributes
                0x000007fb       0x22 C:/ProgramData/MATLAB/SupportPackages/R2024b/3P.instrset/gnuarm-armcortex.instrset/win/bin/../lib/gcc/arm-none-eabi/13.2.1/thumb/v7e-m+fp/hard\libgcc.a(_arm_addsubdf3.o)
 .ARM.attributes
                0x0000081d       0x22 C:/ProgramData/MATLAB/SupportPackages/R2024b/3P.instrset/gnuarm-armcortex.instrset/win/bin/../lib/gcc/arm-none-eabi/13.2.1/thumb/v7e-m+fp/hard\libgcc.a(_arm_muldivdf3.o)
 .ARM.attributes
                0x0000083f       0x22 C:/ProgramData/MATLAB/SupportPackages/R2024b/3P.instrset/gnuarm-armcortex.instrset/win/bin/../lib/gcc/arm-none-eabi/13.2.1/thumb/v7e-m+fp/hard\libgcc.a(_arm_cmpdf2.o)
 .ARM.attributes
                0x00000861       0x22 C:/ProgramData/MATLAB/SupportPackages/R2024b/3P.instrset/gnuarm-armcortex.instrset/win/bin/../lib/gcc/arm-none-eabi/13.2.1/thumb/v7e-m+fp/hard\libgcc.a(_arm_unorddf2.o)
 .ARM.attributes
                0x00000883       0x22 C:/ProgramData/MATLAB/SupportPackages/R2024b/3P.instrset/gnuarm-armcortex.instrset/win/bin/../lib/gcc/arm-none-eabi/13.2.1/thumb/v7e-m+fp/hard\libgcc.a(_arm_fixdfsi.o)
 .ARM.attributes
                0x000008a5       0x22 C:/ProgramData/MATLAB/SupportPackages/R2024b/3P.instrset/gnuarm-armcortex.instrset/win/bin/../lib/gcc/arm-none-eabi/13.2.1/thumb/v7e-m+fp/hard\libgcc.a(_arm_fixunsdfsi.o)
 .ARM.attributes
                0x000008c7       0x22 C:/ProgramData/MATLAB/SupportPackages/R2024b/3P.instrset/gnuarm-armcortex.instrset/win/bin/../lib/gcc/arm-none-eabi/13.2.1/thumb/v7e-m+fp/hard\libgcc.a(_aeabi_ldivmod.o)
 .ARM.attributes
                0x000008e9       0x22 C:/ProgramData/MATLAB/SupportPackages/R2024b/3P.instrset/gnuarm-armcortex.instrset/win/bin/../lib/gcc/arm-none-eabi/13.2.1/thumb/v7e-m+fp/hard\libgcc.a(_aeabi_uldivmod.o)
 .ARM.attributes
                0x0000090b       0x34 C:/ProgramData/MATLAB/SupportPackages/R2024b/3P.instrset/gnuarm-armcortex.instrset/win/bin/../lib/gcc/arm-none-eabi/13.2.1/thumb/v7e-m+fp/hard\libgcc.a(_udivmoddi4.o)
 .ARM.attributes
                0x0000093f       0x22 C:/ProgramData/MATLAB/SupportPackages/R2024b/3P.instrset/gnuarm-armcortex.instrset/win/bin/../lib/gcc/arm-none-eabi/13.2.1/thumb/v7e-m+fp/hard\libgcc.a(_dvmd_tls.o)
 .ARM.attributes
                0x00000961       0x34 C:/ProgramData/MATLAB/SupportPackages/R2024b/3P.instrset/gnuarm-armcortex.instrset/win/bin/../lib/gcc/arm-none-eabi/13.2.1/thumb/v7e-m+fp/hard\libc_nano.a(libc_a-findfp.o)
 .ARM.attributes
                0x00000995       0x34 C:/ProgramData/MATLAB/SupportPackages/R2024b/3P.instrset/gnuarm-armcortex.instrset/win/bin/../lib/gcc/arm-none-eabi/13.2.1/thumb/v7e-m+fp/hard\libc_nano.a(libc_a-fwalk.o)
 .ARM.attributes
                0x000009c9       0x34 C:/ProgramData/MATLAB/SupportPackages/R2024b/3P.instrset/gnuarm-armcortex.instrset/win/bin/../lib/gcc/arm-none-eabi/13.2.1/thumb/v7e-m+fp/hard\libc_nano.a(libc_a-stdio.o)
 .ARM.attributes
                0x000009fd       0x34 C:/ProgramData/MATLAB/SupportPackages/R2024b/3P.instrset/gnuarm-armcortex.instrset/win/bin/../lib/gcc/arm-none-eabi/13.2.1/thumb/v7e-m+fp/hard\libc_nano.a(libc_a-memset.o)
 .ARM.attributes
                0x00000a31       0x34 C:/ProgramData/MATLAB/SupportPackages/R2024b/3P.instrset/gnuarm-armcortex.instrset/win/bin/../lib/gcc/arm-none-eabi/13.2.1/thumb/v7e-m+fp/hard\libc_nano.a(libc_a-lcltime.o)
 .ARM.attributes
                0x00000a65       0x34 C:/ProgramData/MATLAB/SupportPackages/R2024b/3P.instrset/gnuarm-armcortex.instrset/win/bin/../lib/gcc/arm-none-eabi/13.2.1/thumb/v7e-m+fp/hard\libc_nano.a(libc_a-lcltime_r.o)
 .ARM.attributes
                0x00000a99       0x34 C:/ProgramData/MATLAB/SupportPackages/R2024b/3P.instrset/gnuarm-armcortex.instrset/win/bin/../lib/gcc/arm-none-eabi/13.2.1/thumb/v7e-m+fp/hard\libc_nano.a(libc_a-month_lengths.o)
 .ARM.attributes
                0x00000acd       0x34 C:/ProgramData/MATLAB/SupportPackages/R2024b/3P.instrset/gnuarm-armcortex.instrset/win/bin/../lib/gcc/arm-none-eabi/13.2.1/thumb/v7e-m+fp/hard\libc_nano.a(libc_a-time.o)
 .ARM.attributes
                0x00000b01       0x34 C:/ProgramData/MATLAB/SupportPackages/R2024b/3P.instrset/gnuarm-armcortex.instrset/win/bin/../lib/gcc/arm-none-eabi/13.2.1/thumb/v7e-m+fp/hard\libc_nano.a(libc_a-tzcalc_limits.o)
 .ARM.attributes
                0x00000b35       0x34 C:/ProgramData/MATLAB/SupportPackages/R2024b/3P.instrset/gnuarm-armcortex.instrset/win/bin/../lib/gcc/arm-none-eabi/13.2.1/thumb/v7e-m+fp/hard\libc_nano.a(libc_a-tzlock.o)
 .ARM.attributes
                0x00000b69       0x34 C:/ProgramData/MATLAB/SupportPackages/R2024b/3P.instrset/gnuarm-armcortex.instrset/win/bin/../lib/gcc/arm-none-eabi/13.2.1/thumb/v7e-m+fp/hard\libc_nano.a(libc_a-tzset.o)
 .ARM.attributes
                0x00000b9d       0x34 C:/ProgramData/MATLAB/SupportPackages/R2024b/3P.instrset/gnuarm-armcortex.instrset/win/bin/../lib/gcc/arm-none-eabi/13.2.1/thumb/v7e-m+fp/hard\libc_nano.a(libc_a-tzset_r.o)
 .ARM.attributes
                0x00000bd1       0x34 C:/ProgramData/MATLAB/SupportPackages/R2024b/3P.instrset/gnuarm-armcortex.instrset/win/bin/../lib/gcc/arm-none-eabi/13.2.1/thumb/v7e-m+fp/hard\libc_nano.a(libc_a-tzvars.o)
 .ARM.attributes
                0x00000c05       0x34 C:/ProgramData/MATLAB/SupportPackages/R2024b/3P.instrset/gnuarm-armcortex.instrset/win/bin/../lib/gcc/arm-none-eabi/13.2.1/thumb/v7e-m+fp/hard\libc_nano.a(libc_a-closer.o)
 .ARM.attributes
                0x00000c39       0x34 C:/ProgramData/MATLAB/SupportPackages/R2024b/3P.instrset/gnuarm-armcortex.instrset/win/bin/../lib/gcc/arm-none-eabi/13.2.1/thumb/v7e-m+fp/hard\libc_nano.a(libc_a-reent.o)
 .ARM.attributes
                0x00000c6d       0x34 C:/ProgramData/MATLAB/SupportPackages/R2024b/3P.instrset/gnuarm-armcortex.instrset/win/bin/../lib/gcc/arm-none-eabi/13.2.1/thumb/v7e-m+fp/hard\libc_nano.a(libc_a-impure.o)
 .ARM.attributes
                0x00000ca1       0x34 C:/ProgramData/MATLAB/SupportPackages/R2024b/3P.instrset/gnuarm-armcortex.instrset/win/bin/../lib/gcc/arm-none-eabi/13.2.1/thumb/v7e-m+fp/hard\libc_nano.a(libc_a-gettimeofdayr.o)
 .ARM.attributes
                0x00000cd5       0x34 C:/ProgramData/MATLAB/SupportPackages/R2024b/3P.instrset/gnuarm-armcortex.instrset/win/bin/../lib/gcc/arm-none-eabi/13.2.1/thumb/v7e-m+fp/hard\libc_nano.a(libc_a-lseekr.o)
 .ARM.attributes
                0x00000d09       0x34 C:/ProgramData/MATLAB/SupportPackages/R2024b/3P.instrset/gnuarm-armcortex.instrset/win/bin/../lib/gcc/arm-none-eabi/13.2.1/thumb/v7e-m+fp/hard\libc_nano.a(libc_a-readr.o)
 .ARM.attributes
                0x00000d3d       0x34 C:/ProgramData/MATLAB/SupportPackages/R2024b/3P.instrset/gnuarm-armcortex.instrset/win/bin/../lib/gcc/arm-none-eabi/13.2.1/thumb/v7e-m+fp/hard\libc_nano.a(libc_a-writer.o)
 .ARM.attributes
                0x00000d71       0x34 C:/ProgramData/MATLAB/SupportPackages/R2024b/3P.instrset/gnuarm-armcortex.instrset/win/bin/../lib/gcc/arm-none-eabi/13.2.1/thumb/v7e-m+fp/hard\libc_nano.a(libc_a-errno.o)
 .ARM.attributes
                0x00000da5       0x34 C:/ProgramData/MATLAB/SupportPackages/R2024b/3P.instrset/gnuarm-armcortex.instrset/win/bin/../lib/gcc/arm-none-eabi/13.2.1/thumb/v7e-m+fp/hard\libc_nano.a(libc_a-init.o)
 .ARM.attributes
                0x00000dd9       0x34 C:/ProgramData/MATLAB/SupportPackages/R2024b/3P.instrset/gnuarm-armcortex.instrset/win/bin/../lib/gcc/arm-none-eabi/13.2.1/thumb/v7e-m+fp/hard\libc_nano.a(libc_a-lock.o)
 .ARM.attributes
                0x00000e0d       0x20 C:/ProgramData/MATLAB/SupportPackages/R2024b/3P.instrset/gnuarm-armcortex.instrset/win/bin/../lib/gcc/arm-none-eabi/13.2.1/thumb/v7e-m+fp/hard\libc_nano.a(libc_a-strcmp.o)
 .ARM.attributes
                0x00000e2d       0x34 C:/ProgramData/MATLAB/SupportPackages/R2024b/3P.instrset/gnuarm-armcortex.instrset/win/bin/../lib/gcc/arm-none-eabi/13.2.1/thumb/v7e-m+fp/hard\libc_nano.a(libc_a-strcpy.o)
 .ARM.attributes
                0x00000e61       0x34 C:/ProgramData/MATLAB/SupportPackages/R2024b/3P.instrset/gnuarm-armcortex.instrset/win/bin/../lib/gcc/arm-none-eabi/13.2.1/thumb/v7e-m+fp/hard\libc_nano.a(libc_a-memcpy-stub.o)
 .ARM.attributes
                0x00000e95       0x17 C:/ProgramData/MATLAB/SupportPackages/R2024b/3P.instrset/gnuarm-armcortex.instrset/win/bin/../lib/gcc/arm-none-eabi/13.2.1/thumb/v7e-m+fp/hard\libc_nano.a(libc_a-strlen.o)
 .ARM.attributes
                0x00000eac       0x34 C:/ProgramData/MATLAB/SupportPackages/R2024b/3P.instrset/gnuarm-armcortex.instrset/win/bin/../lib/gcc/arm-none-eabi/13.2.1/thumb/v7e-m+fp/hard\libc_nano.a(libc_a-assert.o)
 .ARM.attributes
                0x00000ee0       0x34 C:/ProgramData/MATLAB/SupportPackages/R2024b/3P.instrset/gnuarm-armcortex.instrset/win/bin/../lib/gcc/arm-none-eabi/13.2.1/thumb/v7e-m+fp/hard\libc_nano.a(libc_a-freer.o)
 .ARM.attributes
                0x00000f14       0x34 C:/ProgramData/MATLAB/SupportPackages/R2024b/3P.instrset/gnuarm-armcortex.instrset/win/bin/../lib/gcc/arm-none-eabi/13.2.1/thumb/v7e-m+fp/hard\libc_nano.a(libc_a-getenv_r.o)
 .ARM.attributes
                0x00000f48       0x34 C:/ProgramData/MATLAB/SupportPackages/R2024b/3P.instrset/gnuarm-armcortex.instrset/win/bin/../lib/gcc/arm-none-eabi/13.2.1/thumb/v7e-m+fp/hard\libc_nano.a(libc_a-malloc.o)
 .ARM.attributes
                0x00000f7c       0x34 C:/ProgramData/MATLAB/SupportPackages/R2024b/3P.instrset/gnuarm-armcortex.instrset/win/bin/../lib/gcc/arm-none-eabi/13.2.1/thumb/v7e-m+fp/hard\libc_nano.a(libc_a-mallocr.o)
 .ARM.attributes
                0x00000fb0       0x34 C:/ProgramData/MATLAB/SupportPackages/R2024b/3P.instrset/gnuarm-armcortex.instrset/win/bin/../lib/gcc/arm-none-eabi/13.2.1/thumb/v7e-m+fp/hard\libc_nano.a(libc_a-mlock.o)
 .ARM.attributes
                0x00000fe4       0x34 C:/ProgramData/MATLAB/SupportPackages/R2024b/3P.instrset/gnuarm-armcortex.instrset/win/bin/../lib/gcc/arm-none-eabi/13.2.1/thumb/v7e-m+fp/hard\libc_nano.a(libc_a-strtoul.o)
 .ARM.attributes
                0x00001018       0x34 C:/ProgramData/MATLAB/SupportPackages/R2024b/3P.instrset/gnuarm-armcortex.instrset/win/bin/../lib/gcc/arm-none-eabi/13.2.1/thumb/v7e-m+fp/hard\libc_nano.a(libc_a-ctype_.o)
 .ARM.attributes
                0x0000104c       0x34 C:/ProgramData/MATLAB/SupportPackages/R2024b/3P.instrset/gnuarm-armcortex.instrset/win/bin/../lib/gcc/arm-none-eabi/13.2.1/thumb/v7e-m+fp/hard\libc_nano.a(libc_a-fflush.o)
 .ARM.attributes
                0x00001080       0x34 C:/ProgramData/MATLAB/SupportPackages/R2024b/3P.instrset/gnuarm-armcortex.instrset/win/bin/../lib/gcc/arm-none-eabi/13.2.1/thumb/v7e-m+fp/hard\libc_nano.a(libc_a-fprintf.o)
 .ARM.attributes
                0x000010b4       0x34 C:/ProgramData/MATLAB/SupportPackages/R2024b/3P.instrset/gnuarm-armcortex.instrset/win/bin/../lib/gcc/arm-none-eabi/13.2.1/thumb/v7e-m+fp/hard\libc_nano.a(libc_a-sscanf.o)
 .ARM.attributes
                0x000010e8       0x34 C:/ProgramData/MATLAB/SupportPackages/R2024b/3P.instrset/gnuarm-armcortex.instrset/win/bin/../lib/gcc/arm-none-eabi/13.2.1/thumb/v7e-m+fp/hard\libc_nano.a(libc_a-strncmp.o)
 .ARM.attributes
                0x0000111c       0x34 C:/ProgramData/MATLAB/SupportPackages/R2024b/3P.instrset/gnuarm-armcortex.instrset/win/bin/../lib/gcc/arm-none-eabi/13.2.1/thumb/v7e-m+fp/hard\libc_nano.a(libc_a-gettzinfo.o)
 .ARM.attributes
                0x00001150       0x34 C:/ProgramData/MATLAB/SupportPackages/R2024b/3P.instrset/gnuarm-armcortex.instrset/win/bin/../lib/gcc/arm-none-eabi/13.2.1/thumb/v7e-m+fp/hard\libc_nano.a(libc_a-gmtime_r.o)
 .ARM.attributes
                0x00001184       0x34 C:/ProgramData/MATLAB/SupportPackages/R2024b/3P.instrset/gnuarm-armcortex.instrset/win/bin/../lib/gcc/arm-none-eabi/13.2.1/thumb/v7e-m+fp/hard\libc_nano.a(libc_a-sbrkr.o)
 .ARM.attributes
                0x000011b8       0x34 C:/ProgramData/MATLAB/SupportPackages/R2024b/3P.instrset/gnuarm-armcortex.instrset/win/bin/../lib/gcc/arm-none-eabi/13.2.1/thumb/v7e-m+fp/hard\libc_nano.a(libc_a-abort.o)
 .ARM.attributes
                0x000011ec       0x34 C:/ProgramData/MATLAB/SupportPackages/R2024b/3P.instrset/gnuarm-armcortex.instrset/win/bin/../lib/gcc/arm-none-eabi/13.2.1/thumb/v7e-m+fp/hard\libc_nano.a(libc_a-envlock.o)
 .ARM.attributes
                0x00001220       0x34 C:/ProgramData/MATLAB/SupportPackages/R2024b/3P.instrset/gnuarm-armcortex.instrset/win/bin/../lib/gcc/arm-none-eabi/13.2.1/thumb/v7e-m+fp/hard\libc_nano.a(libc_a-nano-svfscanf.o)
 .ARM.attributes
                0x00001254       0x34 C:/ProgramData/MATLAB/SupportPackages/R2024b/3P.instrset/gnuarm-armcortex.instrset/win/bin/../lib/gcc/arm-none-eabi/13.2.1/thumb/v7e-m+fp/hard\libc_nano.a(libc_a-nano-vfprintf.o)
 .ARM.attributes
                0x00001288       0x34 C:/ProgramData/MATLAB/SupportPackages/R2024b/3P.instrset/gnuarm-armcortex.instrset/win/bin/../lib/gcc/arm-none-eabi/13.2.1/thumb/v7e-m+fp/hard\libc_nano.a(libc_a-nano-vfprintf_i.o)
 .ARM.attributes
                0x000012bc       0x34 C:/ProgramData/MATLAB/SupportPackages/R2024b/3P.instrset/gnuarm-armcortex.instrset/win/bin/../lib/gcc/arm-none-eabi/13.2.1/thumb/v7e-m+fp/hard\libc_nano.a(libc_a-nano-vfscanf_i.o)
 .ARM.attributes
                0x000012f0       0x34 C:/ProgramData/MATLAB/SupportPackages/R2024b/3P.instrset/gnuarm-armcortex.instrset/win/bin/../lib/gcc/arm-none-eabi/13.2.1/thumb/v7e-m+fp/hard\libc_nano.a(libc_a-sccl.o)
 .ARM.attributes